[0.690s] DEBUG:colcon:Command line arguments: ['/usr/bin/colcon', 'list', '--base-paths', '/home/hunterfauntleroy/dev_ws/src']
[0.691s] DEBUG:colcon:Parsed command line arguments: Namespace(log_base=None, log_level=None, verb_name='list', build_base='build', ignore_user_meta=False, metas=['./colcon.meta'], base_paths=['/home/hunterfauntleroy/dev_ws/src'], packages_ignore=None, packages_ignore_regex=None, paths=None, packages_up_to=None, packages_up_to_regex=None, packages_above=None, packages_above_and_dependencies=None, packages_above_depth=None, packages_select_by_dep=None, packages_skip_by_dep=None, packages_skip_up_to=None, packages_select_build_failed=False, packages_skip_build_finished=False, packages_select_test_failures=False, packages_skip_test_passed=False, packages_select=None, packages_skip=None, packages_select_regex=None, packages_skip_regex=None, packages_start=None, packages_end=None, topological_order=False, names_only=False, paths_only=False, topological_graph=False, topological_graph_dot=False, topological_graph_density=False, topological_graph_legend=False, topological_graph_dot_cluster=False, topological_graph_dot_include_skipped=False, verb_parser=<colcon_defaults.argument_parser.defaults.DefaultArgumentsDecorator object at 0x7d30d08075f0>, verb_extension=<colcon_package_information.verb.list.ListVerb object at 0x7d30d0806810>, main=<bound method ListVerb.main of <colcon_package_information.verb.list.ListVerb object at 0x7d30d0806810>>)
[0.756s] Level 1:colcon.colcon_core.package_discovery:discover_packages(colcon_meta) check parameters
[0.756s] Level 1:colcon.colcon_core.package_discovery:discover_packages(recursive) check parameters
[0.756s] Level 1:colcon.colcon_core.package_discovery:discover_packages(ignore) check parameters
[0.756s] Level 1:colcon.colcon_core.package_discovery:discover_packages(path) check parameters
[0.756s] Level 1:colcon.colcon_core.package_discovery:discover_packages(recursive) discover
[0.756s] INFO:colcon.colcon_core.package_discovery:Crawling recursively for packages in '/home/hunterfauntleroy/dev_ws/src'
[0.756s] Level 1:colcon.colcon_core.package_identification:_identify(/home/hunterfauntleroy/dev_ws/src) by extensions ['ignore', 'ignore_ament_install']
[0.756s] Level 1:colcon.colcon_core.package_identification:_identify(/home/hunterfauntleroy/dev_ws/src) by extension 'ignore'
[0.756s] Level 1:colcon.colcon_core.package_identification:_identify(/home/hunterfauntleroy/dev_ws/src) by extension 'ignore_ament_install'
[0.756s] Level 1:colcon.colcon_core.package_identification:_identify(/home/hunterfauntleroy/dev_ws/src) by extensions ['colcon_pkg']
[0.756s] Level 1:colcon.colcon_core.package_identification:_identify(/home/hunterfauntleroy/dev_ws/src) by extension 'colcon_pkg'
[0.756s] Level 1:colcon.colcon_core.package_identification:_identify(/home/hunterfauntleroy/dev_ws/src) by extensions ['colcon_meta']
[0.757s] Level 1:colcon.colcon_core.package_identification:_identify(/home/hunterfauntleroy/dev_ws/src) by extension 'colcon_meta'
[0.757s] Level 1:colcon.colcon_core.package_identification:_identify(/home/hunterfauntleroy/dev_ws/src) by extensions ['ros']
[0.757s] Level 1:colcon.colcon_core.package_identification:_identify(/home/hunterfauntleroy/dev_ws/src) by extension 'ros'
[0.792s] Level 1:colcon.colcon_core.package_identification:_identify(/home/hunterfauntleroy/dev_ws/src) by extensions ['cmake', 'python']
[0.792s] Level 1:colcon.colcon_core.package_identification:_identify(/home/hunterfauntleroy/dev_ws/src) by extension 'cmake'
[0.792s] Level 1:colcon.colcon_core.package_identification:_identify(/home/hunterfauntleroy/dev_ws/src) by extension 'python'
[0.792s] Level 1:colcon.colcon_core.package_identification:_identify(/home/hunterfauntleroy/dev_ws/src) by extensions ['python_setup_py']
[0.792s] Level 1:colcon.colcon_core.package_identification:_identify(/home/hunterfauntleroy/dev_ws/src) by extension 'python_setup_py'
[0.792s] Level 1:colcon.colcon_core.package_identification:_identify(/home/hunterfauntleroy/dev_ws/src/ai-navigation) by extensions ['ignore', 'ignore_ament_install']
[0.792s] Level 1:colcon.colcon_core.package_identification:_identify(/home/hunterfauntleroy/dev_ws/src/ai-navigation) by extension 'ignore'
[0.792s] Level 1:colcon.colcon_core.package_identification:_identify(/home/hunterfauntleroy/dev_ws/src/ai-navigation) by extension 'ignore_ament_install'
[0.792s] Level 1:colcon.colcon_core.package_identification:_identify(/home/hunterfauntleroy/dev_ws/src/ai-navigation) by extensions ['colcon_pkg']
[0.792s] Level 1:colcon.colcon_core.package_identification:_identify(/home/hunterfauntleroy/dev_ws/src/ai-navigation) by extension 'colcon_pkg'
[0.792s] Level 1:colcon.colcon_core.package_identification:_identify(/home/hunterfauntleroy/dev_ws/src/ai-navigation) by extensions ['colcon_meta']
[0.792s] Level 1:colcon.colcon_core.package_identification:_identify(/home/hunterfauntleroy/dev_ws/src/ai-navigation) by extension 'colcon_meta'
[0.792s] Level 1:colcon.colcon_core.package_identification:_identify(/home/hunterfauntleroy/dev_ws/src/ai-navigation) by extensions ['ros']
[0.793s] Level 1:colcon.colcon_core.package_identification:_identify(/home/hunterfauntleroy/dev_ws/src/ai-navigation) by extension 'ros'
[0.793s] Level 1:colcon.colcon_core.package_identification:_identify(/home/hunterfauntleroy/dev_ws/src/ai-navigation) by extensions ['cmake', 'python']
[0.793s] Level 1:colcon.colcon_core.package_identification:_identify(/home/hunterfauntleroy/dev_ws/src/ai-navigation) by extension 'cmake'
[0.793s] Level 1:colcon.colcon_core.package_identification:_identify(/home/hunterfauntleroy/dev_ws/src/ai-navigation) by extension 'python'
[0.793s] Level 1:colcon.colcon_core.package_identification:_identify(/home/hunterfauntleroy/dev_ws/src/ai-navigation) by extensions ['python_setup_py']
[0.793s] Level 1:colcon.colcon_core.package_identification:_identify(/home/hunterfauntleroy/dev_ws/src/ai-navigation) by extension 'python_setup_py'
[0.793s] Level 1:colcon.colcon_core.package_identification:_identify(/home/hunterfauntleroy/dev_ws/src/ai-navigation/build) by extensions ['ignore', 'ignore_ament_install']
[0.793s] Level 1:colcon.colcon_core.package_identification:_identify(/home/hunterfauntleroy/dev_ws/src/ai-navigation/build) by extension 'ignore'
[0.793s] Level 1:colcon.colcon_core.package_identification:_identify(/home/hunterfauntleroy/dev_ws/src/ai-navigation/build) ignored
[0.794s] Level 1:colcon.colcon_core.package_identification:_identify(/home/hunterfauntleroy/dev_ws/src/ai-navigation/cart_control) by extensions ['ignore', 'ignore_ament_install']
[0.794s] Level 1:colcon.colcon_core.package_identification:_identify(/home/hunterfauntleroy/dev_ws/src/ai-navigation/cart_control) by extension 'ignore'
[0.794s] Level 1:colcon.colcon_core.package_identification:_identify(/home/hunterfauntleroy/dev_ws/src/ai-navigation/cart_control) by extension 'ignore_ament_install'
[0.794s] Level 1:colcon.colcon_core.package_identification:_identify(/home/hunterfauntleroy/dev_ws/src/ai-navigation/cart_control) by extensions ['colcon_pkg']
[0.794s] Level 1:colcon.colcon_core.package_identification:_identify(/home/hunterfauntleroy/dev_ws/src/ai-navigation/cart_control) by extension 'colcon_pkg'
[0.794s] Level 1:colcon.colcon_core.package_identification:_identify(/home/hunterfauntleroy/dev_ws/src/ai-navigation/cart_control) by extensions ['colcon_meta']
[0.794s] Level 1:colcon.colcon_core.package_identification:_identify(/home/hunterfauntleroy/dev_ws/src/ai-navigation/cart_control) by extension 'colcon_meta'
[0.795s] Level 1:colcon.colcon_core.package_identification:_identify(/home/hunterfauntleroy/dev_ws/src/ai-navigation/cart_control) by extensions ['ros']
[0.795s] Level 1:colcon.colcon_core.package_identification:_identify(/home/hunterfauntleroy/dev_ws/src/ai-navigation/cart_control) by extension 'ros'
[0.795s] Level 1:colcon.colcon_core.package_identification:_identify(/home/hunterfauntleroy/dev_ws/src/ai-navigation/cart_control) by extensions ['cmake', 'python']
[0.795s] Level 1:colcon.colcon_core.package_identification:_identify(/home/hunterfauntleroy/dev_ws/src/ai-navigation/cart_control) by extension 'cmake'
[0.795s] Level 1:colcon.colcon_core.package_identification:_identify(/home/hunterfauntleroy/dev_ws/src/ai-navigation/cart_control) by extension 'python'
[0.795s] Level 1:colcon.colcon_core.package_identification:_identify(/home/hunterfauntleroy/dev_ws/src/ai-navigation/cart_control) by extensions ['python_setup_py']
[0.795s] Level 1:colcon.colcon_core.package_identification:_identify(/home/hunterfauntleroy/dev_ws/src/ai-navigation/cart_control) by extension 'python_setup_py'
[0.795s] Level 1:colcon.colcon_core.package_identification:_identify(/home/hunterfauntleroy/dev_ws/src/ai-navigation/cart_control/cart_launch) by extensions ['ignore', 'ignore_ament_install']
[0.795s] Level 1:colcon.colcon_core.package_identification:_identify(/home/hunterfauntleroy/dev_ws/src/ai-navigation/cart_control/cart_launch) by extension 'ignore'
[0.795s] Level 1:colcon.colcon_core.package_identification:_identify(/home/hunterfauntleroy/dev_ws/src/ai-navigation/cart_control/cart_launch) by extension 'ignore_ament_install'
[0.795s] Level 1:colcon.colcon_core.package_identification:_identify(/home/hunterfauntleroy/dev_ws/src/ai-navigation/cart_control/cart_launch) by extensions ['colcon_pkg']
[0.795s] Level 1:colcon.colcon_core.package_identification:_identify(/home/hunterfauntleroy/dev_ws/src/ai-navigation/cart_control/cart_launch) by extension 'colcon_pkg'
[0.795s] Level 1:colcon.colcon_core.package_identification:_identify(/home/hunterfauntleroy/dev_ws/src/ai-navigation/cart_control/cart_launch) by extensions ['colcon_meta']
[0.795s] Level 1:colcon.colcon_core.package_identification:_identify(/home/hunterfauntleroy/dev_ws/src/ai-navigation/cart_control/cart_launch) by extension 'colcon_meta'
[0.796s] Level 1:colcon.colcon_core.package_identification:_identify(/home/hunterfauntleroy/dev_ws/src/ai-navigation/cart_control/cart_launch) by extensions ['ros']
[0.796s] Level 1:colcon.colcon_core.package_identification:_identify(/home/hunterfauntleroy/dev_ws/src/ai-navigation/cart_control/cart_launch) by extension 'ros'
[0.799s] DEBUG:colcon.colcon_core.package_identification:Package '/home/hunterfauntleroy/dev_ws/src/ai-navigation/cart_control/cart_launch' with type 'ros.ament_python' and name 'cart_launch'
[0.799s] Level 1:colcon.colcon_core.package_identification:_identify(/home/hunterfauntleroy/dev_ws/src/ai-navigation/cart_control/localization_launch) by extensions ['ignore', 'ignore_ament_install']
[0.799s] Level 1:colcon.colcon_core.package_identification:_identify(/home/hunterfauntleroy/dev_ws/src/ai-navigation/cart_control/localization_launch) by extension 'ignore'
[0.799s] Level 1:colcon.colcon_core.package_identification:_identify(/home/hunterfauntleroy/dev_ws/src/ai-navigation/cart_control/localization_launch) by extension 'ignore_ament_install'
[0.799s] Level 1:colcon.colcon_core.package_identification:_identify(/home/hunterfauntleroy/dev_ws/src/ai-navigation/cart_control/localization_launch) by extensions ['colcon_pkg']
[0.799s] Level 1:colcon.colcon_core.package_identification:_identify(/home/hunterfauntleroy/dev_ws/src/ai-navigation/cart_control/localization_launch) by extension 'colcon_pkg'
[0.799s] Level 1:colcon.colcon_core.package_identification:_identify(/home/hunterfauntleroy/dev_ws/src/ai-navigation/cart_control/localization_launch) by extensions ['colcon_meta']
[0.799s] Level 1:colcon.colcon_core.package_identification:_identify(/home/hunterfauntleroy/dev_ws/src/ai-navigation/cart_control/localization_launch) by extension 'colcon_meta'
[0.800s] Level 1:colcon.colcon_core.package_identification:_identify(/home/hunterfauntleroy/dev_ws/src/ai-navigation/cart_control/localization_launch) by extensions ['ros']
[0.800s] Level 1:colcon.colcon_core.package_identification:_identify(/home/hunterfauntleroy/dev_ws/src/ai-navigation/cart_control/localization_launch) by extension 'ros'
[0.801s] DEBUG:colcon.colcon_core.package_identification:Package '/home/hunterfauntleroy/dev_ws/src/ai-navigation/cart_control/localization_launch' with type 'ros.ament_python' and name 'localization_launch'
[0.801s] Level 1:colcon.colcon_core.package_identification:_identify(/home/hunterfauntleroy/dev_ws/src/ai-navigation/install) by extensions ['ignore', 'ignore_ament_install']
[0.801s] Level 1:colcon.colcon_core.package_identification:_identify(/home/hunterfauntleroy/dev_ws/src/ai-navigation/install) by extension 'ignore'
[0.801s] Level 1:colcon.colcon_core.package_identification:_identify(/home/hunterfauntleroy/dev_ws/src/ai-navigation/install) ignored
[0.802s] Level 1:colcon.colcon_core.package_identification:_identify(/home/hunterfauntleroy/dev_ws/src/ai-navigation/log) by extensions ['ignore', 'ignore_ament_install']
[0.802s] Level 1:colcon.colcon_core.package_identification:_identify(/home/hunterfauntleroy/dev_ws/src/ai-navigation/log) by extension 'ignore'
[0.802s] Level 1:colcon.colcon_core.package_identification:_identify(/home/hunterfauntleroy/dev_ws/src/ai-navigation/log) ignored
[0.802s] Level 1:colcon.colcon_core.package_identification:_identify(/home/hunterfauntleroy/dev_ws/src/ai-navigation/maps) by extensions ['ignore', 'ignore_ament_install']
[0.802s] Level 1:colcon.colcon_core.package_identification:_identify(/home/hunterfauntleroy/dev_ws/src/ai-navigation/maps) by extension 'ignore'
[0.802s] Level 1:colcon.colcon_core.package_identification:_identify(/home/hunterfauntleroy/dev_ws/src/ai-navigation/maps) by extension 'ignore_ament_install'
[0.802s] Level 1:colcon.colcon_core.package_identification:_identify(/home/hunterfauntleroy/dev_ws/src/ai-navigation/maps) by extensions ['colcon_pkg']
[0.802s] Level 1:colcon.colcon_core.package_identification:_identify(/home/hunterfauntleroy/dev_ws/src/ai-navigation/maps) by extension 'colcon_pkg'
[0.802s] Level 1:colcon.colcon_core.package_identification:_identify(/home/hunterfauntleroy/dev_ws/src/ai-navigation/maps) by extensions ['colcon_meta']
[0.802s] Level 1:colcon.colcon_core.package_identification:_identify(/home/hunterfauntleroy/dev_ws/src/ai-navigation/maps) by extension 'colcon_meta'
[0.802s] Level 1:colcon.colcon_core.package_identification:_identify(/home/hunterfauntleroy/dev_ws/src/ai-navigation/maps) by extensions ['ros']
[0.803s] Level 1:colcon.colcon_core.package_identification:_identify(/home/hunterfauntleroy/dev_ws/src/ai-navigation/maps) by extension 'ros'
[0.803s] Level 1:colcon.colcon_core.package_identification:_identify(/home/hunterfauntleroy/dev_ws/src/ai-navigation/maps) by extensions ['cmake', 'python']
[0.803s] Level 1:colcon.colcon_core.package_identification:_identify(/home/hunterfauntleroy/dev_ws/src/ai-navigation/maps) by extension 'cmake'
[0.803s] Level 1:colcon.colcon_core.package_identification:_identify(/home/hunterfauntleroy/dev_ws/src/ai-navigation/maps) by extension 'python'
[0.803s] Level 1:colcon.colcon_core.package_identification:_identify(/home/hunterfauntleroy/dev_ws/src/ai-navigation/maps) by extensions ['python_setup_py']
[0.803s] Level 1:colcon.colcon_core.package_identification:_identify(/home/hunterfauntleroy/dev_ws/src/ai-navigation/maps) by extension 'python_setup_py'
[0.803s] Level 1:colcon.colcon_core.package_identification:_identify(/home/hunterfauntleroy/dev_ws/src/ai-navigation/motor_control) by extensions ['ignore', 'ignore_ament_install']
[0.803s] Level 1:colcon.colcon_core.package_identification:_identify(/home/hunterfauntleroy/dev_ws/src/ai-navigation/motor_control) by extension 'ignore'
[0.803s] Level 1:colcon.colcon_core.package_identification:_identify(/home/hunterfauntleroy/dev_ws/src/ai-navigation/motor_control) by extension 'ignore_ament_install'
[0.803s] Level 1:colcon.colcon_core.package_identification:_identify(/home/hunterfauntleroy/dev_ws/src/ai-navigation/motor_control) by extensions ['colcon_pkg']
[0.803s] Level 1:colcon.colcon_core.package_identification:_identify(/home/hunterfauntleroy/dev_ws/src/ai-navigation/motor_control) by extension 'colcon_pkg'
[0.803s] Level 1:colcon.colcon_core.package_identification:_identify(/home/hunterfauntleroy/dev_ws/src/ai-navigation/motor_control) by extensions ['colcon_meta']
[0.803s] Level 1:colcon.colcon_core.package_identification:_identify(/home/hunterfauntleroy/dev_ws/src/ai-navigation/motor_control) by extension 'colcon_meta'
[0.803s] Level 1:colcon.colcon_core.package_identification:_identify(/home/hunterfauntleroy/dev_ws/src/ai-navigation/motor_control) by extensions ['ros']
[0.803s] Level 1:colcon.colcon_core.package_identification:_identify(/home/hunterfauntleroy/dev_ws/src/ai-navigation/motor_control) by extension 'ros'
[0.804s] DEBUG:colcon.colcon_core.package_identification:Package '/home/hunterfauntleroy/dev_ws/src/ai-navigation/motor_control' with type 'ros.ament_python' and name 'motor_control'
[0.804s] Level 1:colcon.colcon_core.package_identification:_identify(/home/hunterfauntleroy/dev_ws/src/ai-navigation/motor_control_interface) by extensions ['ignore', 'ignore_ament_install']
[0.804s] Level 1:colcon.colcon_core.package_identification:_identify(/home/hunterfauntleroy/dev_ws/src/ai-navigation/motor_control_interface) by extension 'ignore'
[0.804s] Level 1:colcon.colcon_core.package_identification:_identify(/home/hunterfauntleroy/dev_ws/src/ai-navigation/motor_control_interface) by extension 'ignore_ament_install'
[0.804s] Level 1:colcon.colcon_core.package_identification:_identify(/home/hunterfauntleroy/dev_ws/src/ai-navigation/motor_control_interface) by extensions ['colcon_pkg']
[0.804s] Level 1:colcon.colcon_core.package_identification:_identify(/home/hunterfauntleroy/dev_ws/src/ai-navigation/motor_control_interface) by extension 'colcon_pkg'
[0.804s] Level 1:colcon.colcon_core.package_identification:_identify(/home/hunterfauntleroy/dev_ws/src/ai-navigation/motor_control_interface) by extensions ['colcon_meta']
[0.804s] Level 1:colcon.colcon_core.package_identification:_identify(/home/hunterfauntleroy/dev_ws/src/ai-navigation/motor_control_interface) by extension 'colcon_meta'
[0.804s] Level 1:colcon.colcon_core.package_identification:_identify(/home/hunterfauntleroy/dev_ws/src/ai-navigation/motor_control_interface) by extensions ['ros']
[0.805s] Level 1:colcon.colcon_core.package_identification:_identify(/home/hunterfauntleroy/dev_ws/src/ai-navigation/motor_control_interface) by extension 'ros'
[0.805s] DEBUG:colcon.colcon_core.package_identification:Package '/home/hunterfauntleroy/dev_ws/src/ai-navigation/motor_control_interface' with type 'ros.ament_cmake' and name 'motor_control_interface'
[0.805s] Level 1:colcon.colcon_core.package_identification:_identify(/home/hunterfauntleroy/dev_ws/src/ai-navigation/navigation) by extensions ['ignore', 'ignore_ament_install']
[0.805s] Level 1:colcon.colcon_core.package_identification:_identify(/home/hunterfauntleroy/dev_ws/src/ai-navigation/navigation) by extension 'ignore'
[0.805s] Level 1:colcon.colcon_core.package_identification:_identify(/home/hunterfauntleroy/dev_ws/src/ai-navigation/navigation) by extension 'ignore_ament_install'
[0.805s] Level 1:colcon.colcon_core.package_identification:_identify(/home/hunterfauntleroy/dev_ws/src/ai-navigation/navigation) by extensions ['colcon_pkg']
[0.805s] Level 1:colcon.colcon_core.package_identification:_identify(/home/hunterfauntleroy/dev_ws/src/ai-navigation/navigation) by extension 'colcon_pkg'
[0.805s] Level 1:colcon.colcon_core.package_identification:_identify(/home/hunterfauntleroy/dev_ws/src/ai-navigation/navigation) by extensions ['colcon_meta']
[0.806s] Level 1:colcon.colcon_core.package_identification:_identify(/home/hunterfauntleroy/dev_ws/src/ai-navigation/navigation) by extension 'colcon_meta'
[0.806s] Level 1:colcon.colcon_core.package_identification:_identify(/home/hunterfauntleroy/dev_ws/src/ai-navigation/navigation) by extensions ['ros']
[0.806s] Level 1:colcon.colcon_core.package_identification:_identify(/home/hunterfauntleroy/dev_ws/src/ai-navigation/navigation) by extension 'ros'
[0.806s] DEBUG:colcon.colcon_core.package_identification:Package '/home/hunterfauntleroy/dev_ws/src/ai-navigation/navigation' with type 'ros.ament_python' and name 'navigation'
[0.806s] Level 1:colcon.colcon_core.package_identification:_identify(/home/hunterfauntleroy/dev_ws/src/ai-navigation/navigation_interface) by extensions ['ignore', 'ignore_ament_install']
[0.807s] Level 1:colcon.colcon_core.package_identification:_identify(/home/hunterfauntleroy/dev_ws/src/ai-navigation/navigation_interface) by extension 'ignore'
[0.807s] Level 1:colcon.colcon_core.package_identification:_identify(/home/hunterfauntleroy/dev_ws/src/ai-navigation/navigation_interface) by extension 'ignore_ament_install'
[0.807s] Level 1:colcon.colcon_core.package_identification:_identify(/home/hunterfauntleroy/dev_ws/src/ai-navigation/navigation_interface) by extensions ['colcon_pkg']
[0.807s] Level 1:colcon.colcon_core.package_identification:_identify(/home/hunterfauntleroy/dev_ws/src/ai-navigation/navigation_interface) by extension 'colcon_pkg'
[0.807s] Level 1:colcon.colcon_core.package_identification:_identify(/home/hunterfauntleroy/dev_ws/src/ai-navigation/navigation_interface) by extensions ['colcon_meta']
[0.807s] Level 1:colcon.colcon_core.package_identification:_identify(/home/hunterfauntleroy/dev_ws/src/ai-navigation/navigation_interface) by extension 'colcon_meta'
[0.807s] Level 1:colcon.colcon_core.package_identification:_identify(/home/hunterfauntleroy/dev_ws/src/ai-navigation/navigation_interface) by extensions ['ros']
[0.807s] Level 1:colcon.colcon_core.package_identification:_identify(/home/hunterfauntleroy/dev_ws/src/ai-navigation/navigation_interface) by extension 'ros'
[0.808s] DEBUG:colcon.colcon_core.package_identification:Package '/home/hunterfauntleroy/dev_ws/src/ai-navigation/navigation_interface' with type 'ros.ament_cmake' and name 'navigation_interface'
[0.808s] Level 1:colcon.colcon_core.package_identification:_identify(/home/hunterfauntleroy/dev_ws/src/ai-navigation/scripts) by extensions ['ignore', 'ignore_ament_install']
[0.808s] Level 1:colcon.colcon_core.package_identification:_identify(/home/hunterfauntleroy/dev_ws/src/ai-navigation/scripts) by extension 'ignore'
[0.808s] Level 1:colcon.colcon_core.package_identification:_identify(/home/hunterfauntleroy/dev_ws/src/ai-navigation/scripts) by extension 'ignore_ament_install'
[0.808s] Level 1:colcon.colcon_core.package_identification:_identify(/home/hunterfauntleroy/dev_ws/src/ai-navigation/scripts) by extensions ['colcon_pkg']
[0.808s] Level 1:colcon.colcon_core.package_identification:_identify(/home/hunterfauntleroy/dev_ws/src/ai-navigation/scripts) by extension 'colcon_pkg'
[0.808s] Level 1:colcon.colcon_core.package_identification:_identify(/home/hunterfauntleroy/dev_ws/src/ai-navigation/scripts) by extensions ['colcon_meta']
[0.808s] Level 1:colcon.colcon_core.package_identification:_identify(/home/hunterfauntleroy/dev_ws/src/ai-navigation/scripts) by extension 'colcon_meta'
[0.808s] Level 1:colcon.colcon_core.package_identification:_identify(/home/hunterfauntleroy/dev_ws/src/ai-navigation/scripts) by extensions ['ros']
[0.808s] Level 1:colcon.colcon_core.package_identification:_identify(/home/hunterfauntleroy/dev_ws/src/ai-navigation/scripts) by extension 'ros'
[0.809s] Level 1:colcon.colcon_core.package_identification:_identify(/home/hunterfauntleroy/dev_ws/src/ai-navigation/scripts) by extensions ['cmake', 'python']
[0.809s] Level 1:colcon.colcon_core.package_identification:_identify(/home/hunterfauntleroy/dev_ws/src/ai-navigation/scripts) by extension 'cmake'
[0.809s] Level 1:colcon.colcon_core.package_identification:_identify(/home/hunterfauntleroy/dev_ws/src/ai-navigation/scripts) by extension 'python'
[0.809s] Level 1:colcon.colcon_core.package_identification:_identify(/home/hunterfauntleroy/dev_ws/src/ai-navigation/scripts) by extensions ['python_setup_py']
[0.809s] Level 1:colcon.colcon_core.package_identification:_identify(/home/hunterfauntleroy/dev_ws/src/ai-navigation/scripts) by extension 'python_setup_py'
[0.809s] Level 1:colcon.colcon_core.package_identification:_identify(/home/hunterfauntleroy/dev_ws/src/ai-navigation/teleop) by extensions ['ignore', 'ignore_ament_install']
[0.809s] Level 1:colcon.colcon_core.package_identification:_identify(/home/hunterfauntleroy/dev_ws/src/ai-navigation/teleop) by extension 'ignore'
[0.809s] Level 1:colcon.colcon_core.package_identification:_identify(/home/hunterfauntleroy/dev_ws/src/ai-navigation/teleop) by extension 'ignore_ament_install'
[0.809s] Level 1:colcon.colcon_core.package_identification:_identify(/home/hunterfauntleroy/dev_ws/src/ai-navigation/teleop) by extensions ['colcon_pkg']
[0.809s] Level 1:colcon.colcon_core.package_identification:_identify(/home/hunterfauntleroy/dev_ws/src/ai-navigation/teleop) by extension 'colcon_pkg'
[0.809s] Level 1:colcon.colcon_core.package_identification:_identify(/home/hunterfauntleroy/dev_ws/src/ai-navigation/teleop) by extensions ['colcon_meta']
[0.809s] Level 1:colcon.colcon_core.package_identification:_identify(/home/hunterfauntleroy/dev_ws/src/ai-navigation/teleop) by extension 'colcon_meta'
[0.809s] Level 1:colcon.colcon_core.package_identification:_identify(/home/hunterfauntleroy/dev_ws/src/ai-navigation/teleop) by extensions ['ros']
[0.809s] Level 1:colcon.colcon_core.package_identification:_identify(/home/hunterfauntleroy/dev_ws/src/ai-navigation/teleop) by extension 'ros'
[0.810s] DEBUG:colcon.colcon_core.package_identification:Package '/home/hunterfauntleroy/dev_ws/src/ai-navigation/teleop' with type 'ros.ament_python' and name 'teleop'
[0.810s] Level 1:colcon.colcon_core.package_identification:_identify(/home/hunterfauntleroy/dev_ws/src/anomaly_detection) by extensions ['ignore', 'ignore_ament_install']
[0.810s] Level 1:colcon.colcon_core.package_identification:_identify(/home/hunterfauntleroy/dev_ws/src/anomaly_detection) by extension 'ignore'
[0.810s] Level 1:colcon.colcon_core.package_identification:_identify(/home/hunterfauntleroy/dev_ws/src/anomaly_detection) ignored
[0.810s] Level 1:colcon.colcon_core.package_identification:_identify(/home/hunterfauntleroy/dev_ws/src/av_course_spring26) by extensions ['ignore', 'ignore_ament_install']
[0.811s] Level 1:colcon.colcon_core.package_identification:_identify(/home/hunterfauntleroy/dev_ws/src/av_course_spring26) by extension 'ignore'
[0.811s] Level 1:colcon.colcon_core.package_identification:_identify(/home/hunterfauntleroy/dev_ws/src/av_course_spring26) by extension 'ignore_ament_install'
[0.811s] Level 1:colcon.colcon_core.package_identification:_identify(/home/hunterfauntleroy/dev_ws/src/av_course_spring26) by extensions ['colcon_pkg']
[0.811s] Level 1:colcon.colcon_core.package_identification:_identify(/home/hunterfauntleroy/dev_ws/src/av_course_spring26) by extension 'colcon_pkg'
[0.811s] Level 1:colcon.colcon_core.package_identification:_identify(/home/hunterfauntleroy/dev_ws/src/av_course_spring26) by extensions ['colcon_meta']
[0.811s] Level 1:colcon.colcon_core.package_identification:_identify(/home/hunterfauntleroy/dev_ws/src/av_course_spring26) by extension 'colcon_meta'
[0.811s] Level 1:colcon.colcon_core.package_identification:_identify(/home/hunterfauntleroy/dev_ws/src/av_course_spring26) by extensions ['ros']
[0.811s] Level 1:colcon.colcon_core.package_identification:_identify(/home/hunterfauntleroy/dev_ws/src/av_course_spring26) by extension 'ros'
[0.811s] Level 1:colcon.colcon_core.package_identification:_identify(/home/hunterfauntleroy/dev_ws/src/av_course_spring26) by extensions ['cmake', 'python']
[0.811s] Level 1:colcon.colcon_core.package_identification:_identify(/home/hunterfauntleroy/dev_ws/src/av_course_spring26) by extension 'cmake'
[0.811s] Level 1:colcon.colcon_core.package_identification:_identify(/home/hunterfauntleroy/dev_ws/src/av_course_spring26) by extension 'python'
[0.811s] Level 1:colcon.colcon_core.package_identification:_identify(/home/hunterfauntleroy/dev_ws/src/av_course_spring26) by extensions ['python_setup_py']
[0.812s] Level 1:colcon.colcon_core.package_identification:_identify(/home/hunterfauntleroy/dev_ws/src/av_course_spring26) by extension 'python_setup_py'
[0.812s] Level 1:colcon.colcon_core.package_identification:_identify(/home/hunterfauntleroy/dev_ws/src/av_course_spring26/jacart_warmup) by extensions ['ignore', 'ignore_ament_install']
[0.812s] Level 1:colcon.colcon_core.package_identification:_identify(/home/hunterfauntleroy/dev_ws/src/av_course_spring26/jacart_warmup) by extension 'ignore'
[0.812s] Level 1:colcon.colcon_core.package_identification:_identify(/home/hunterfauntleroy/dev_ws/src/av_course_spring26/jacart_warmup) by extension 'ignore_ament_install'
[0.812s] Level 1:colcon.colcon_core.package_identification:_identify(/home/hunterfauntleroy/dev_ws/src/av_course_spring26/jacart_warmup) by extensions ['colcon_pkg']
[0.812s] Level 1:colcon.colcon_core.package_identification:_identify(/home/hunterfauntleroy/dev_ws/src/av_course_spring26/jacart_warmup) by extension 'colcon_pkg'
[0.812s] Level 1:colcon.colcon_core.package_identification:_identify(/home/hunterfauntleroy/dev_ws/src/av_course_spring26/jacart_warmup) by extensions ['colcon_meta']
[0.812s] Level 1:colcon.colcon_core.package_identification:_identify(/home/hunterfauntleroy/dev_ws/src/av_course_spring26/jacart_warmup) by extension 'colcon_meta'
[0.812s] Level 1:colcon.colcon_core.package_identification:_identify(/home/hunterfauntleroy/dev_ws/src/av_course_spring26/jacart_warmup) by extensions ['ros']
[0.812s] Level 1:colcon.colcon_core.package_identification:_identify(/home/hunterfauntleroy/dev_ws/src/av_course_spring26/jacart_warmup) by extension 'ros'
[0.813s] DEBUG:colcon.colcon_core.package_identification:Package '/home/hunterfauntleroy/dev_ws/src/av_course_spring26/jacart_warmup' with type 'ros.ament_python' and name 'jacart_warmup'
[0.813s] Level 1:colcon.colcon_core.package_identification:_identify(/home/hunterfauntleroy/dev_ws/src/build) by extensions ['ignore', 'ignore_ament_install']
[0.813s] Level 1:colcon.colcon_core.package_identification:_identify(/home/hunterfauntleroy/dev_ws/src/build) by extension 'ignore'
[0.813s] Level 1:colcon.colcon_core.package_identification:_identify(/home/hunterfauntleroy/dev_ws/src/build) ignored
[0.813s] Level 1:colcon.colcon_core.package_identification:_identify(/home/hunterfauntleroy/dev_ws/src/install) by extensions ['ignore', 'ignore_ament_install']
[0.813s] Level 1:colcon.colcon_core.package_identification:_identify(/home/hunterfauntleroy/dev_ws/src/install) by extension 'ignore'
[0.813s] Level 1:colcon.colcon_core.package_identification:_identify(/home/hunterfauntleroy/dev_ws/src/install) ignored
[0.813s] Level 1:colcon.colcon_core.package_identification:_identify(/home/hunterfauntleroy/dev_ws/src/isaac_ros_common) by extensions ['ignore', 'ignore_ament_install']
[0.813s] Level 1:colcon.colcon_core.package_identification:_identify(/home/hunterfauntleroy/dev_ws/src/isaac_ros_common) by extension 'ignore'
[0.813s] Level 1:colcon.colcon_core.package_identification:_identify(/home/hunterfauntleroy/dev_ws/src/isaac_ros_common) ignored
[0.814s] Level 1:colcon.colcon_core.package_identification:_identify(/home/hunterfauntleroy/dev_ws/src/isaac_ros_map_localization) by extensions ['ignore', 'ignore_ament_install']
[0.814s] Level 1:colcon.colcon_core.package_identification:_identify(/home/hunterfauntleroy/dev_ws/src/isaac_ros_map_localization) by extension 'ignore'
[0.814s] Level 1:colcon.colcon_core.package_identification:_identify(/home/hunterfauntleroy/dev_ws/src/isaac_ros_map_localization) ignored
[0.814s] Level 1:colcon.colcon_core.package_identification:_identify(/home/hunterfauntleroy/dev_ws/src/isaac_ros_nitros) by extensions ['ignore', 'ignore_ament_install']
[0.814s] Level 1:colcon.colcon_core.package_identification:_identify(/home/hunterfauntleroy/dev_ws/src/isaac_ros_nitros) by extension 'ignore'
[0.814s] Level 1:colcon.colcon_core.package_identification:_identify(/home/hunterfauntleroy/dev_ws/src/isaac_ros_nitros) ignored
[0.814s] Level 1:colcon.colcon_core.package_identification:_identify(/home/hunterfauntleroy/dev_ws/src/log) by extensions ['ignore', 'ignore_ament_install']
[0.814s] Level 1:colcon.colcon_core.package_identification:_identify(/home/hunterfauntleroy/dev_ws/src/log) by extension 'ignore'
[0.814s] Level 1:colcon.colcon_core.package_identification:_identify(/home/hunterfauntleroy/dev_ws/src/log) ignored
[0.814s] Level 1:colcon.colcon_core.package_identification:_identify(/home/hunterfauntleroy/dev_ws/src/negotiated) by extensions ['ignore', 'ignore_ament_install']
[0.814s] Level 1:colcon.colcon_core.package_identification:_identify(/home/hunterfauntleroy/dev_ws/src/negotiated) by extension 'ignore'
[0.815s] Level 1:colcon.colcon_core.package_identification:_identify(/home/hunterfauntleroy/dev_ws/src/negotiated) by extension 'ignore_ament_install'
[0.815s] Level 1:colcon.colcon_core.package_identification:_identify(/home/hunterfauntleroy/dev_ws/src/negotiated) by extensions ['colcon_pkg']
[0.815s] Level 1:colcon.colcon_core.package_identification:_identify(/home/hunterfauntleroy/dev_ws/src/negotiated) by extension 'colcon_pkg'
[0.815s] Level 1:colcon.colcon_core.package_identification:_identify(/home/hunterfauntleroy/dev_ws/src/negotiated) by extensions ['colcon_meta']
[0.815s] Level 1:colcon.colcon_core.package_identification:_identify(/home/hunterfauntleroy/dev_ws/src/negotiated) by extension 'colcon_meta'
[0.815s] Level 1:colcon.colcon_core.package_identification:_identify(/home/hunterfauntleroy/dev_ws/src/negotiated) by extensions ['ros']
[0.815s] Level 1:colcon.colcon_core.package_identification:_identify(/home/hunterfauntleroy/dev_ws/src/negotiated) by extension 'ros'
[0.815s] Level 1:colcon.colcon_core.package_identification:_identify(/home/hunterfauntleroy/dev_ws/src/negotiated) by extensions ['cmake', 'python']
[0.815s] Level 1:colcon.colcon_core.package_identification:_identify(/home/hunterfauntleroy/dev_ws/src/negotiated) by extension 'cmake'
[0.815s] Level 1:colcon.colcon_core.package_identification:_identify(/home/hunterfauntleroy/dev_ws/src/negotiated) by extension 'python'
[0.815s] Level 1:colcon.colcon_core.package_identification:_identify(/home/hunterfauntleroy/dev_ws/src/negotiated) by extensions ['python_setup_py']
[0.815s] Level 1:colcon.colcon_core.package_identification:_identify(/home/hunterfauntleroy/dev_ws/src/negotiated) by extension 'python_setup_py'
[0.815s] Level 1:colcon.colcon_core.package_identification:_identify(/home/hunterfauntleroy/dev_ws/src/negotiated/negotiated) by extensions ['ignore', 'ignore_ament_install']
[0.815s] Level 1:colcon.colcon_core.package_identification:_identify(/home/hunterfauntleroy/dev_ws/src/negotiated/negotiated) by extension 'ignore'
[0.816s] Level 1:colcon.colcon_core.package_identification:_identify(/home/hunterfauntleroy/dev_ws/src/negotiated/negotiated) by extension 'ignore_ament_install'
[0.816s] Level 1:colcon.colcon_core.package_identification:_identify(/home/hunterfauntleroy/dev_ws/src/negotiated/negotiated) by extensions ['colcon_pkg']
[0.816s] Level 1:colcon.colcon_core.package_identification:_identify(/home/hunterfauntleroy/dev_ws/src/negotiated/negotiated) by extension 'colcon_pkg'
[0.816s] Level 1:colcon.colcon_core.package_identification:_identify(/home/hunterfauntleroy/dev_ws/src/negotiated/negotiated) by extensions ['colcon_meta']
[0.816s] Level 1:colcon.colcon_core.package_identification:_identify(/home/hunterfauntleroy/dev_ws/src/negotiated/negotiated) by extension 'colcon_meta'
[0.816s] Level 1:colcon.colcon_core.package_identification:_identify(/home/hunterfauntleroy/dev_ws/src/negotiated/negotiated) by extensions ['ros']
[0.816s] Level 1:colcon.colcon_core.package_identification:_identify(/home/hunterfauntleroy/dev_ws/src/negotiated/negotiated) by extension 'ros'
[0.817s] DEBUG:colcon.colcon_core.package_identification:Package '/home/hunterfauntleroy/dev_ws/src/negotiated/negotiated' with type 'ros.ament_cmake' and name 'negotiated'
[0.817s] Level 1:colcon.colcon_core.package_identification:_identify(/home/hunterfauntleroy/dev_ws/src/negotiated/negotiated_examples) by extensions ['ignore', 'ignore_ament_install']
[0.817s] Level 1:colcon.colcon_core.package_identification:_identify(/home/hunterfauntleroy/dev_ws/src/negotiated/negotiated_examples) by extension 'ignore'
[0.817s] Level 1:colcon.colcon_core.package_identification:_identify(/home/hunterfauntleroy/dev_ws/src/negotiated/negotiated_examples) by extension 'ignore_ament_install'
[0.817s] Level 1:colcon.colcon_core.package_identification:_identify(/home/hunterfauntleroy/dev_ws/src/negotiated/negotiated_examples) by extensions ['colcon_pkg']
[0.817s] Level 1:colcon.colcon_core.package_identification:_identify(/home/hunterfauntleroy/dev_ws/src/negotiated/negotiated_examples) by extension 'colcon_pkg'
[0.817s] Level 1:colcon.colcon_core.package_identification:_identify(/home/hunterfauntleroy/dev_ws/src/negotiated/negotiated_examples) by extensions ['colcon_meta']
[0.817s] Level 1:colcon.colcon_core.package_identification:_identify(/home/hunterfauntleroy/dev_ws/src/negotiated/negotiated_examples) by extension 'colcon_meta'
[0.817s] Level 1:colcon.colcon_core.package_identification:_identify(/home/hunterfauntleroy/dev_ws/src/negotiated/negotiated_examples) by extensions ['ros']
[0.817s] Level 1:colcon.colcon_core.package_identification:_identify(/home/hunterfauntleroy/dev_ws/src/negotiated/negotiated_examples) by extension 'ros'
[0.818s] DEBUG:colcon.colcon_core.package_identification:Package '/home/hunterfauntleroy/dev_ws/src/negotiated/negotiated_examples' with type 'ros.ament_cmake' and name 'negotiated_examples'
[0.818s] Level 1:colcon.colcon_core.package_identification:_identify(/home/hunterfauntleroy/dev_ws/src/negotiated/negotiated_interfaces) by extensions ['ignore', 'ignore_ament_install']
[0.818s] Level 1:colcon.colcon_core.package_identification:_identify(/home/hunterfauntleroy/dev_ws/src/negotiated/negotiated_interfaces) by extension 'ignore'
[0.819s] Level 1:colcon.colcon_core.package_identification:_identify(/home/hunterfauntleroy/dev_ws/src/negotiated/negotiated_interfaces) by extension 'ignore_ament_install'
[0.819s] Level 1:colcon.colcon_core.package_identification:_identify(/home/hunterfauntleroy/dev_ws/src/negotiated/negotiated_interfaces) by extensions ['colcon_pkg']
[0.819s] Level 1:colcon.colcon_core.package_identification:_identify(/home/hunterfauntleroy/dev_ws/src/negotiated/negotiated_interfaces) by extension 'colcon_pkg'
[0.819s] Level 1:colcon.colcon_core.package_identification:_identify(/home/hunterfauntleroy/dev_ws/src/negotiated/negotiated_interfaces) by extensions ['colcon_meta']
[0.819s] Level 1:colcon.colcon_core.package_identification:_identify(/home/hunterfauntleroy/dev_ws/src/negotiated/negotiated_interfaces) by extension 'colcon_meta'
[0.819s] Level 1:colcon.colcon_core.package_identification:_identify(/home/hunterfauntleroy/dev_ws/src/negotiated/negotiated_interfaces) by extensions ['ros']
[0.819s] Level 1:colcon.colcon_core.package_identification:_identify(/home/hunterfauntleroy/dev_ws/src/negotiated/negotiated_interfaces) by extension 'ros'
[0.820s] DEBUG:colcon.colcon_core.package_identification:Package '/home/hunterfauntleroy/dev_ws/src/negotiated/negotiated_interfaces' with type 'ros.ament_cmake' and name 'negotiated_interfaces'
[0.820s] Level 1:colcon.colcon_core.package_identification:_identify(/home/hunterfauntleroy/dev_ws/src/src) by extensions ['ignore', 'ignore_ament_install']
[0.820s] Level 1:colcon.colcon_core.package_identification:_identify(/home/hunterfauntleroy/dev_ws/src/src) by extension 'ignore'
[0.820s] Level 1:colcon.colcon_core.package_identification:_identify(/home/hunterfauntleroy/dev_ws/src/src) by extension 'ignore_ament_install'
[0.820s] Level 1:colcon.colcon_core.package_identification:_identify(/home/hunterfauntleroy/dev_ws/src/src) by extensions ['colcon_pkg']
[0.820s] Level 1:colcon.colcon_core.package_identification:_identify(/home/hunterfauntleroy/dev_ws/src/src) by extension 'colcon_pkg'
[0.820s] Level 1:colcon.colcon_core.package_identification:_identify(/home/hunterfauntleroy/dev_ws/src/src) by extensions ['colcon_meta']
[0.821s] Level 1:colcon.colcon_core.package_identification:_identify(/home/hunterfauntleroy/dev_ws/src/src) by extension 'colcon_meta'
[0.821s] Level 1:colcon.colcon_core.package_identification:_identify(/home/hunterfauntleroy/dev_ws/src/src) by extensions ['ros']
[0.821s] Level 1:colcon.colcon_core.package_identification:_identify(/home/hunterfauntleroy/dev_ws/src/src) by extension 'ros'
[0.821s] Level 1:colcon.colcon_core.package_identification:_identify(/home/hunterfauntleroy/dev_ws/src/src) by extensions ['cmake', 'python']
[0.821s] Level 1:colcon.colcon_core.package_identification:_identify(/home/hunterfauntleroy/dev_ws/src/src) by extension 'cmake'
[0.821s] Level 1:colcon.colcon_core.package_identification:_identify(/home/hunterfauntleroy/dev_ws/src/src) by extension 'python'
[0.821s] Level 1:colcon.colcon_core.package_identification:_identify(/home/hunterfauntleroy/dev_ws/src/src) by extensions ['python_setup_py']
[0.821s] Level 1:colcon.colcon_core.package_identification:_identify(/home/hunterfauntleroy/dev_ws/src/src) by extension 'python_setup_py'
[0.821s] Level 1:colcon.colcon_core.package_identification:_identify(/home/hunterfauntleroy/dev_ws/src/src/anomaly_detection) by extensions ['ignore', 'ignore_ament_install']
[0.821s] Level 1:colcon.colcon_core.package_identification:_identify(/home/hunterfauntleroy/dev_ws/src/src/anomaly_detection) by extension 'ignore'
[0.821s] Level 1:colcon.colcon_core.package_identification:_identify(/home/hunterfauntleroy/dev_ws/src/src/anomaly_detection) by extension 'ignore_ament_install'
[0.821s] Level 1:colcon.colcon_core.package_identification:_identify(/home/hunterfauntleroy/dev_ws/src/src/anomaly_detection) by extensions ['colcon_pkg']
[0.822s] Level 1:colcon.colcon_core.package_identification:_identify(/home/hunterfauntleroy/dev_ws/src/src/anomaly_detection) by extension 'colcon_pkg'
[0.822s] Level 1:colcon.colcon_core.package_identification:_identify(/home/hunterfauntleroy/dev_ws/src/src/anomaly_detection) by extensions ['colcon_meta']
[0.822s] Level 1:colcon.colcon_core.package_identification:_identify(/home/hunterfauntleroy/dev_ws/src/src/anomaly_detection) by extension 'colcon_meta'
[0.822s] Level 1:colcon.colcon_core.package_identification:_identify(/home/hunterfauntleroy/dev_ws/src/src/anomaly_detection) by extensions ['ros']
[0.822s] Level 1:colcon.colcon_core.package_identification:_identify(/home/hunterfauntleroy/dev_ws/src/src/anomaly_detection) by extension 'ros'
[0.822s] Level 1:colcon.colcon_core.package_identification:_identify(/home/hunterfauntleroy/dev_ws/src/src/anomaly_detection) by extensions ['cmake', 'python']
[0.822s] Level 1:colcon.colcon_core.package_identification:_identify(/home/hunterfauntleroy/dev_ws/src/src/anomaly_detection) by extension 'cmake'
[0.822s] Level 1:colcon.colcon_core.package_identification:_identify(/home/hunterfauntleroy/dev_ws/src/src/anomaly_detection) by extension 'python'
[0.822s] Level 1:colcon.colcon_core.package_identification:_identify(/home/hunterfauntleroy/dev_ws/src/src/anomaly_detection) by extensions ['python_setup_py']
[0.822s] Level 1:colcon.colcon_core.package_identification:_identify(/home/hunterfauntleroy/dev_ws/src/src/anomaly_detection) by extension 'python_setup_py'
[0.822s] Level 1:colcon.colcon_core.package_identification:_identify(/home/hunterfauntleroy/dev_ws/src/src/anomaly_detection/system_evaluation) by extensions ['ignore', 'ignore_ament_install']
[0.822s] Level 1:colcon.colcon_core.package_identification:_identify(/home/hunterfauntleroy/dev_ws/src/src/anomaly_detection/system_evaluation) by extension 'ignore'
[0.823s] Level 1:colcon.colcon_core.package_identification:_identify(/home/hunterfauntleroy/dev_ws/src/src/anomaly_detection/system_evaluation) by extension 'ignore_ament_install'
[0.823s] Level 1:colcon.colcon_core.package_identification:_identify(/home/hunterfauntleroy/dev_ws/src/src/anomaly_detection/system_evaluation) by extensions ['colcon_pkg']
[0.823s] Level 1:colcon.colcon_core.package_identification:_identify(/home/hunterfauntleroy/dev_ws/src/src/anomaly_detection/system_evaluation) by extension 'colcon_pkg'
[0.823s] Level 1:colcon.colcon_core.package_identification:_identify(/home/hunterfauntleroy/dev_ws/src/src/anomaly_detection/system_evaluation) by extensions ['colcon_meta']
[0.823s] Level 1:colcon.colcon_core.package_identification:_identify(/home/hunterfauntleroy/dev_ws/src/src/anomaly_detection/system_evaluation) by extension 'colcon_meta'
[0.823s] Level 1:colcon.colcon_core.package_identification:_identify(/home/hunterfauntleroy/dev_ws/src/src/anomaly_detection/system_evaluation) by extensions ['ros']
[0.823s] Level 1:colcon.colcon_core.package_identification:_identify(/home/hunterfauntleroy/dev_ws/src/src/anomaly_detection/system_evaluation) by extension 'ros'
[0.823s] Level 1:colcon.colcon_core.package_identification:_identify(/home/hunterfauntleroy/dev_ws/src/src/anomaly_detection/system_evaluation) by extensions ['cmake', 'python']
[0.823s] Level 1:colcon.colcon_core.package_identification:_identify(/home/hunterfauntleroy/dev_ws/src/src/anomaly_detection/system_evaluation) by extension 'cmake'
[0.823s] Level 1:colcon.colcon_core.package_identification:_identify(/home/hunterfauntleroy/dev_ws/src/src/anomaly_detection/system_evaluation) by extension 'python'
[0.823s] Level 1:colcon.colcon_core.package_identification:_identify(/home/hunterfauntleroy/dev_ws/src/src/anomaly_detection/system_evaluation) by extensions ['python_setup_py']
[0.823s] Level 1:colcon.colcon_core.package_identification:_identify(/home/hunterfauntleroy/dev_ws/src/src/anomaly_detection/system_evaluation) by extension 'python_setup_py'
[0.824s] Level 1:colcon.colcon_core.package_identification:_identify(/home/hunterfauntleroy/dev_ws/src/src/anomaly_detection/system_evaluation/bags) by extensions ['ignore', 'ignore_ament_install']
[0.824s] Level 1:colcon.colcon_core.package_identification:_identify(/home/hunterfauntleroy/dev_ws/src/src/anomaly_detection/system_evaluation/bags) by extension 'ignore'
[0.824s] Level 1:colcon.colcon_core.package_identification:_identify(/home/hunterfauntleroy/dev_ws/src/src/anomaly_detection/system_evaluation/bags) by extension 'ignore_ament_install'
[0.824s] Level 1:colcon.colcon_core.package_identification:_identify(/home/hunterfauntleroy/dev_ws/src/src/anomaly_detection/system_evaluation/bags) by extensions ['colcon_pkg']
[0.824s] Level 1:colcon.colcon_core.package_identification:_identify(/home/hunterfauntleroy/dev_ws/src/src/anomaly_detection/system_evaluation/bags) by extension 'colcon_pkg'
[0.824s] Level 1:colcon.colcon_core.package_identification:_identify(/home/hunterfauntleroy/dev_ws/src/src/anomaly_detection/system_evaluation/bags) by extensions ['colcon_meta']
[0.824s] Level 1:colcon.colcon_core.package_identification:_identify(/home/hunterfauntleroy/dev_ws/src/src/anomaly_detection/system_evaluation/bags) by extension 'colcon_meta'
[0.824s] Level 1:colcon.colcon_core.package_identification:_identify(/home/hunterfauntleroy/dev_ws/src/src/anomaly_detection/system_evaluation/bags) by extensions ['ros']
[0.824s] Level 1:colcon.colcon_core.package_identification:_identify(/home/hunterfauntleroy/dev_ws/src/src/anomaly_detection/system_evaluation/bags) by extension 'ros'
[0.824s] Level 1:colcon.colcon_core.package_identification:_identify(/home/hunterfauntleroy/dev_ws/src/src/anomaly_detection/system_evaluation/bags) by extensions ['cmake', 'python']
[0.824s] Level 1:colcon.colcon_core.package_identification:_identify(/home/hunterfauntleroy/dev_ws/src/src/anomaly_detection/system_evaluation/bags) by extension 'cmake'
[0.824s] Level 1:colcon.colcon_core.package_identification:_identify(/home/hunterfauntleroy/dev_ws/src/src/anomaly_detection/system_evaluation/bags) by extension 'python'
[0.825s] Level 1:colcon.colcon_core.package_identification:_identify(/home/hunterfauntleroy/dev_ws/src/src/anomaly_detection/system_evaluation/bags) by extensions ['python_setup_py']
[0.825s] Level 1:colcon.colcon_core.package_identification:_identify(/home/hunterfauntleroy/dev_ws/src/src/anomaly_detection/system_evaluation/bags) by extension 'python_setup_py'
[0.825s] Level 1:colcon.colcon_core.package_identification:_identify(/home/hunterfauntleroy/dev_ws/src/src/anomaly_detection/system_evaluation/bags/anomaly_bag) by extensions ['ignore', 'ignore_ament_install']
[0.825s] Level 1:colcon.colcon_core.package_identification:_identify(/home/hunterfauntleroy/dev_ws/src/src/anomaly_detection/system_evaluation/bags/anomaly_bag) by extension 'ignore'
[0.825s] Level 1:colcon.colcon_core.package_identification:_identify(/home/hunterfauntleroy/dev_ws/src/src/anomaly_detection/system_evaluation/bags/anomaly_bag) by extension 'ignore_ament_install'
[0.825s] Level 1:colcon.colcon_core.package_identification:_identify(/home/hunterfauntleroy/dev_ws/src/src/anomaly_detection/system_evaluation/bags/anomaly_bag) by extensions ['colcon_pkg']
[0.825s] Level 1:colcon.colcon_core.package_identification:_identify(/home/hunterfauntleroy/dev_ws/src/src/anomaly_detection/system_evaluation/bags/anomaly_bag) by extension 'colcon_pkg'
[0.825s] Level 1:colcon.colcon_core.package_identification:_identify(/home/hunterfauntleroy/dev_ws/src/src/anomaly_detection/system_evaluation/bags/anomaly_bag) by extensions ['colcon_meta']
[0.825s] Level 1:colcon.colcon_core.package_identification:_identify(/home/hunterfauntleroy/dev_ws/src/src/anomaly_detection/system_evaluation/bags/anomaly_bag) by extension 'colcon_meta'
[0.826s] Level 1:colcon.colcon_core.package_identification:_identify(/home/hunterfauntleroy/dev_ws/src/src/anomaly_detection/system_evaluation/bags/anomaly_bag) by extensions ['ros']
[0.826s] Level 1:colcon.colcon_core.package_identification:_identify(/home/hunterfauntleroy/dev_ws/src/src/anomaly_detection/system_evaluation/bags/anomaly_bag) by extension 'ros'
[0.826s] Level 1:colcon.colcon_core.package_identification:_identify(/home/hunterfauntleroy/dev_ws/src/src/anomaly_detection/system_evaluation/bags/anomaly_bag) by extensions ['cmake', 'python']
[0.826s] Level 1:colcon.colcon_core.package_identification:_identify(/home/hunterfauntleroy/dev_ws/src/src/anomaly_detection/system_evaluation/bags/anomaly_bag) by extension 'cmake'
[0.826s] Level 1:colcon.colcon_core.package_identification:_identify(/home/hunterfauntleroy/dev_ws/src/src/anomaly_detection/system_evaluation/bags/anomaly_bag) by extension 'python'
[0.826s] Level 1:colcon.colcon_core.package_identification:_identify(/home/hunterfauntleroy/dev_ws/src/src/anomaly_detection/system_evaluation/bags/anomaly_bag) by extensions ['python_setup_py']
[0.826s] Level 1:colcon.colcon_core.package_identification:_identify(/home/hunterfauntleroy/dev_ws/src/src/anomaly_detection/system_evaluation/bags/anomaly_bag) by extension 'python_setup_py'
[0.826s] Level 1:colcon.colcon_core.package_discovery:discover_packages(recursive) using defaults
