[0.712s] DEBUG:colcon:Command line arguments: ['/usr/bin/colcon', 'list', '--base-paths', '/home/hunterfauntleroy/dev_ws/src']
[0.712s] DEBUG:colcon:Parsed command line arguments: Namespace(log_base=None, log_level=None, verb_name='list', build_base='build', ignore_user_meta=False, metas=['./colcon.meta'], base_paths=['/home/hunterfauntleroy/dev_ws/src'], packages_ignore=None, packages_ignore_regex=None, paths=None, packages_up_to=None, packages_up_to_regex=None, packages_above=None, packages_above_and_dependencies=None, packages_above_depth=None, packages_select_by_dep=None, packages_skip_by_dep=None, packages_skip_up_to=None, packages_select_build_failed=False, packages_skip_build_finished=False, packages_select_test_failures=False, packages_skip_test_passed=False, packages_select=None, packages_skip=None, packages_select_regex=None, packages_skip_regex=None, packages_start=None, packages_end=None, topological_order=False, names_only=False, paths_only=False, topological_graph=False, topological_graph_dot=False, topological_graph_density=False, topological_graph_legend=False, topological_graph_dot_cluster=False, topological_graph_dot_include_skipped=False, verb_parser=<colcon_defaults.argument_parser.defaults.DefaultArgumentsDecorator object at 0x78da1c7334d0>, verb_extension=<colcon_package_information.verb.list.ListVerb object at 0x78da1c732720>, main=<bound method ListVerb.main of <colcon_package_information.verb.list.ListVerb object at 0x78da1c732720>>)
[0.796s] Level 1:colcon.colcon_core.package_discovery:discover_packages(colcon_meta) check parameters
[0.796s] Level 1:colcon.colcon_core.package_discovery:discover_packages(recursive) check parameters
[0.796s] Level 1:colcon.colcon_core.package_discovery:discover_packages(ignore) check parameters
[0.796s] Level 1:colcon.colcon_core.package_discovery:discover_packages(path) check parameters
[0.796s] Level 1:colcon.colcon_core.package_discovery:discover_packages(recursive) discover
[0.796s] INFO:colcon.colcon_core.package_discovery:Crawling recursively for packages in '/home/hunterfauntleroy/dev_ws/src'
[0.796s] Level 1:colcon.colcon_core.package_identification:_identify(/home/hunterfauntleroy/dev_ws/src) by extensions ['ignore', 'ignore_ament_install']
[0.797s] Level 1:colcon.colcon_core.package_identification:_identify(/home/hunterfauntleroy/dev_ws/src) by extension 'ignore'
[0.797s] Level 1:colcon.colcon_core.package_identification:_identify(/home/hunterfauntleroy/dev_ws/src) by extension 'ignore_ament_install'
[0.797s] Level 1:colcon.colcon_core.package_identification:_identify(/home/hunterfauntleroy/dev_ws/src) by extensions ['colcon_pkg']
[0.797s] Level 1:colcon.colcon_core.package_identification:_identify(/home/hunterfauntleroy/dev_ws/src) by extension 'colcon_pkg'
[0.797s] Level 1:colcon.colcon_core.package_identification:_identify(/home/hunterfauntleroy/dev_ws/src) by extensions ['colcon_meta']
[0.797s] Level 1:colcon.colcon_core.package_identification:_identify(/home/hunterfauntleroy/dev_ws/src) by extension 'colcon_meta'
[0.797s] Level 1:colcon.colcon_core.package_identification:_identify(/home/hunterfauntleroy/dev_ws/src) by extensions ['ros']
[0.797s] Level 1:colcon.colcon_core.package_identification:_identify(/home/hunterfauntleroy/dev_ws/src) by extension 'ros'
[0.836s] Level 1:colcon.colcon_core.package_identification:_identify(/home/hunterfauntleroy/dev_ws/src) by extensions ['cmake', 'python']
[0.836s] Level 1:colcon.colcon_core.package_identification:_identify(/home/hunterfauntleroy/dev_ws/src) by extension 'cmake'
[0.836s] Level 1:colcon.colcon_core.package_identification:_identify(/home/hunterfauntleroy/dev_ws/src) by extension 'python'
[0.836s] Level 1:colcon.colcon_core.package_identification:_identify(/home/hunterfauntleroy/dev_ws/src) by extensions ['python_setup_py']
[0.837s] Level 1:colcon.colcon_core.package_identification:_identify(/home/hunterfauntleroy/dev_ws/src) by extension 'python_setup_py'
[0.837s] Level 1:colcon.colcon_core.package_identification:_identify(/home/hunterfauntleroy/dev_ws/src/ai-navigation) by extensions ['ignore', 'ignore_ament_install']
[0.837s] Level 1:colcon.colcon_core.package_identification:_identify(/home/hunterfauntleroy/dev_ws/src/ai-navigation) by extension 'ignore'
[0.837s] Level 1:colcon.colcon_core.package_identification:_identify(/home/hunterfauntleroy/dev_ws/src/ai-navigation) by extension 'ignore_ament_install'
[0.837s] Level 1:colcon.colcon_core.package_identification:_identify(/home/hunterfauntleroy/dev_ws/src/ai-navigation) by extensions ['colcon_pkg']
[0.837s] Level 1:colcon.colcon_core.package_identification:_identify(/home/hunterfauntleroy/dev_ws/src/ai-navigation) by extension 'colcon_pkg'
[0.837s] Level 1:colcon.colcon_core.package_identification:_identify(/home/hunterfauntleroy/dev_ws/src/ai-navigation) by extensions ['colcon_meta']
[0.837s] Level 1:colcon.colcon_core.package_identification:_identify(/home/hunterfauntleroy/dev_ws/src/ai-navigation) by extension 'colcon_meta'
[0.837s] Level 1:colcon.colcon_core.package_identification:_identify(/home/hunterfauntleroy/dev_ws/src/ai-navigation) by extensions ['ros']
[0.837s] Level 1:colcon.colcon_core.package_identification:_identify(/home/hunterfauntleroy/dev_ws/src/ai-navigation) by extension 'ros'
[0.837s] Level 1:colcon.colcon_core.package_identification:_identify(/home/hunterfauntleroy/dev_ws/src/ai-navigation) by extensions ['cmake', 'python']
[0.837s] Level 1:colcon.colcon_core.package_identification:_identify(/home/hunterfauntleroy/dev_ws/src/ai-navigation) by extension 'cmake'
[0.837s] Level 1:colcon.colcon_core.package_identification:_identify(/home/hunterfauntleroy/dev_ws/src/ai-navigation) by extension 'python'
[0.837s] Level 1:colcon.colcon_core.package_identification:_identify(/home/hunterfauntleroy/dev_ws/src/ai-navigation) by extensions ['python_setup_py']
[0.837s] Level 1:colcon.colcon_core.package_identification:_identify(/home/hunterfauntleroy/dev_ws/src/ai-navigation) by extension 'python_setup_py'
[0.838s] Level 1:colcon.colcon_core.package_identification:_identify(/home/hunterfauntleroy/dev_ws/src/ai-navigation/build) by extensions ['ignore', 'ignore_ament_install']
[0.838s] Level 1:colcon.colcon_core.package_identification:_identify(/home/hunterfauntleroy/dev_ws/src/ai-navigation/build) by extension 'ignore'
[0.838s] Level 1:colcon.colcon_core.package_identification:_identify(/home/hunterfauntleroy/dev_ws/src/ai-navigation/build) ignored
[0.838s] Level 1:colcon.colcon_core.package_identification:_identify(/home/hunterfauntleroy/dev_ws/src/ai-navigation/cart_control) by extensions ['ignore', 'ignore_ament_install']
[0.838s] Level 1:colcon.colcon_core.package_identification:_identify(/home/hunterfauntleroy/dev_ws/src/ai-navigation/cart_control) by extension 'ignore'
[0.838s] Level 1:colcon.colcon_core.package_identification:_identify(/home/hunterfauntleroy/dev_ws/src/ai-navigation/cart_control) by extension 'ignore_ament_install'
[0.838s] Level 1:colcon.colcon_core.package_identification:_identify(/home/hunterfauntleroy/dev_ws/src/ai-navigation/cart_control) by extensions ['colcon_pkg']
[0.838s] Level 1:colcon.colcon_core.package_identification:_identify(/home/hunterfauntleroy/dev_ws/src/ai-navigation/cart_control) by extension 'colcon_pkg'
[0.838s] Level 1:colcon.colcon_core.package_identification:_identify(/home/hunterfauntleroy/dev_ws/src/ai-navigation/cart_control) by extensions ['colcon_meta']
[0.838s] Level 1:colcon.colcon_core.package_identification:_identify(/home/hunterfauntleroy/dev_ws/src/ai-navigation/cart_control) by extension 'colcon_meta'
[0.838s] Level 1:colcon.colcon_core.package_identification:_identify(/home/hunterfauntleroy/dev_ws/src/ai-navigation/cart_control) by extensions ['ros']
[0.838s] Level 1:colcon.colcon_core.package_identification:_identify(/home/hunterfauntleroy/dev_ws/src/ai-navigation/cart_control) by extension 'ros'
[0.838s] Level 1:colcon.colcon_core.package_identification:_identify(/home/hunterfauntleroy/dev_ws/src/ai-navigation/cart_control) by extensions ['cmake', 'python']
[0.838s] Level 1:colcon.colcon_core.package_identification:_identify(/home/hunterfauntleroy/dev_ws/src/ai-navigation/cart_control) by extension 'cmake'
[0.838s] Level 1:colcon.colcon_core.package_identification:_identify(/home/hunterfauntleroy/dev_ws/src/ai-navigation/cart_control) by extension 'python'
[0.839s] Level 1:colcon.colcon_core.package_identification:_identify(/home/hunterfauntleroy/dev_ws/src/ai-navigation/cart_control) by extensions ['python_setup_py']
[0.839s] Level 1:colcon.colcon_core.package_identification:_identify(/home/hunterfauntleroy/dev_ws/src/ai-navigation/cart_control) by extension 'python_setup_py'
[0.839s] Level 1:colcon.colcon_core.package_identification:_identify(/home/hunterfauntleroy/dev_ws/src/ai-navigation/cart_control/cart_launch) by extensions ['ignore', 'ignore_ament_install']
[0.839s] Level 1:colcon.colcon_core.package_identification:_identify(/home/hunterfauntleroy/dev_ws/src/ai-navigation/cart_control/cart_launch) by extension 'ignore'
[0.839s] Level 1:colcon.colcon_core.package_identification:_identify(/home/hunterfauntleroy/dev_ws/src/ai-navigation/cart_control/cart_launch) by extension 'ignore_ament_install'
[0.839s] Level 1:colcon.colcon_core.package_identification:_identify(/home/hunterfauntleroy/dev_ws/src/ai-navigation/cart_control/cart_launch) by extensions ['colcon_pkg']
[0.839s] Level 1:colcon.colcon_core.package_identification:_identify(/home/hunterfauntleroy/dev_ws/src/ai-navigation/cart_control/cart_launch) by extension 'colcon_pkg'
[0.839s] Level 1:colcon.colcon_core.package_identification:_identify(/home/hunterfauntleroy/dev_ws/src/ai-navigation/cart_control/cart_launch) by extensions ['colcon_meta']
[0.839s] Level 1:colcon.colcon_core.package_identification:_identify(/home/hunterfauntleroy/dev_ws/src/ai-navigation/cart_control/cart_launch) by extension 'colcon_meta'
[0.839s] Level 1:colcon.colcon_core.package_identification:_identify(/home/hunterfauntleroy/dev_ws/src/ai-navigation/cart_control/cart_launch) by extensions ['ros']
[0.839s] Level 1:colcon.colcon_core.package_identification:_identify(/home/hunterfauntleroy/dev_ws/src/ai-navigation/cart_control/cart_launch) by extension 'ros'
[0.843s] DEBUG:colcon.colcon_core.package_identification:Package '/home/hunterfauntleroy/dev_ws/src/ai-navigation/cart_control/cart_launch' with type 'ros.ament_python' and name 'cart_launch'
[0.843s] Level 1:colcon.colcon_core.package_identification:_identify(/home/hunterfauntleroy/dev_ws/src/ai-navigation/cart_control/localization_launch) by extensions ['ignore', 'ignore_ament_install']
[0.844s] Level 1:colcon.colcon_core.package_identification:_identify(/home/hunterfauntleroy/dev_ws/src/ai-navigation/cart_control/localization_launch) by extension 'ignore'
[0.844s] Level 1:colcon.colcon_core.package_identification:_identify(/home/hunterfauntleroy/dev_ws/src/ai-navigation/cart_control/localization_launch) by extension 'ignore_ament_install'
[0.844s] Level 1:colcon.colcon_core.package_identification:_identify(/home/hunterfauntleroy/dev_ws/src/ai-navigation/cart_control/localization_launch) by extensions ['colcon_pkg']
[0.844s] Level 1:colcon.colcon_core.package_identification:_identify(/home/hunterfauntleroy/dev_ws/src/ai-navigation/cart_control/localization_launch) by extension 'colcon_pkg'
[0.845s] Level 1:colcon.colcon_core.package_identification:_identify(/home/hunterfauntleroy/dev_ws/src/ai-navigation/cart_control/localization_launch) by extensions ['colcon_meta']
[0.845s] Level 1:colcon.colcon_core.package_identification:_identify(/home/hunterfauntleroy/dev_ws/src/ai-navigation/cart_control/localization_launch) by extension 'colcon_meta'
[0.845s] Level 1:colcon.colcon_core.package_identification:_identify(/home/hunterfauntleroy/dev_ws/src/ai-navigation/cart_control/localization_launch) by extensions ['ros']
[0.845s] Level 1:colcon.colcon_core.package_identification:_identify(/home/hunterfauntleroy/dev_ws/src/ai-navigation/cart_control/localization_launch) by extension 'ros'
[0.846s] DEBUG:colcon.colcon_core.package_identification:Package '/home/hunterfauntleroy/dev_ws/src/ai-navigation/cart_control/localization_launch' with type 'ros.ament_python' and name 'localization_launch'
[0.846s] Level 1:colcon.colcon_core.package_identification:_identify(/home/hunterfauntleroy/dev_ws/src/ai-navigation/install) by extensions ['ignore', 'ignore_ament_install']
[0.847s] Level 1:colcon.colcon_core.package_identification:_identify(/home/hunterfauntleroy/dev_ws/src/ai-navigation/install) by extension 'ignore'
[0.847s] Level 1:colcon.colcon_core.package_identification:_identify(/home/hunterfauntleroy/dev_ws/src/ai-navigation/install) ignored
[0.847s] Level 1:colcon.colcon_core.package_identification:_identify(/home/hunterfauntleroy/dev_ws/src/ai-navigation/log) by extensions ['ignore', 'ignore_ament_install']
[0.847s] Level 1:colcon.colcon_core.package_identification:_identify(/home/hunterfauntleroy/dev_ws/src/ai-navigation/log) by extension 'ignore'
[0.847s] Level 1:colcon.colcon_core.package_identification:_identify(/home/hunterfauntleroy/dev_ws/src/ai-navigation/log) ignored
[0.847s] Level 1:colcon.colcon_core.package_identification:_identify(/home/hunterfauntleroy/dev_ws/src/ai-navigation/maps) by extensions ['ignore', 'ignore_ament_install']
[0.847s] Level 1:colcon.colcon_core.package_identification:_identify(/home/hunterfauntleroy/dev_ws/src/ai-navigation/maps) by extension 'ignore'
[0.847s] Level 1:colcon.colcon_core.package_identification:_identify(/home/hunterfauntleroy/dev_ws/src/ai-navigation/maps) by extension 'ignore_ament_install'
[0.847s] Level 1:colcon.colcon_core.package_identification:_identify(/home/hunterfauntleroy/dev_ws/src/ai-navigation/maps) by extensions ['colcon_pkg']
[0.847s] Level 1:colcon.colcon_core.package_identification:_identify(/home/hunterfauntleroy/dev_ws/src/ai-navigation/maps) by extension 'colcon_pkg'
[0.847s] Level 1:colcon.colcon_core.package_identification:_identify(/home/hunterfauntleroy/dev_ws/src/ai-navigation/maps) by extensions ['colcon_meta']
[0.848s] Level 1:colcon.colcon_core.package_identification:_identify(/home/hunterfauntleroy/dev_ws/src/ai-navigation/maps) by extension 'colcon_meta'
[0.848s] Level 1:colcon.colcon_core.package_identification:_identify(/home/hunterfauntleroy/dev_ws/src/ai-navigation/maps) by extensions ['ros']
[0.848s] Level 1:colcon.colcon_core.package_identification:_identify(/home/hunterfauntleroy/dev_ws/src/ai-navigation/maps) by extension 'ros'
[0.848s] Level 1:colcon.colcon_core.package_identification:_identify(/home/hunterfauntleroy/dev_ws/src/ai-navigation/maps) by extensions ['cmake', 'python']
[0.848s] Level 1:colcon.colcon_core.package_identification:_identify(/home/hunterfauntleroy/dev_ws/src/ai-navigation/maps) by extension 'cmake'
[0.848s] Level 1:colcon.colcon_core.package_identification:_identify(/home/hunterfauntleroy/dev_ws/src/ai-navigation/maps) by extension 'python'
[0.848s] Level 1:colcon.colcon_core.package_identification:_identify(/home/hunterfauntleroy/dev_ws/src/ai-navigation/maps) by extensions ['python_setup_py']
[0.848s] Level 1:colcon.colcon_core.package_identification:_identify(/home/hunterfauntleroy/dev_ws/src/ai-navigation/maps) by extension 'python_setup_py'
[0.848s] Level 1:colcon.colcon_core.package_identification:_identify(/home/hunterfauntleroy/dev_ws/src/ai-navigation/motor_control) by extensions ['ignore', 'ignore_ament_install']
[0.848s] Level 1:colcon.colcon_core.package_identification:_identify(/home/hunterfauntleroy/dev_ws/src/ai-navigation/motor_control) by extension 'ignore'
[0.848s] Level 1:colcon.colcon_core.package_identification:_identify(/home/hunterfauntleroy/dev_ws/src/ai-navigation/motor_control) by extension 'ignore_ament_install'
[0.848s] Level 1:colcon.colcon_core.package_identification:_identify(/home/hunterfauntleroy/dev_ws/src/ai-navigation/motor_control) by extensions ['colcon_pkg']
[0.848s] Level 1:colcon.colcon_core.package_identification:_identify(/home/hunterfauntleroy/dev_ws/src/ai-navigation/motor_control) by extension 'colcon_pkg'
[0.848s] Level 1:colcon.colcon_core.package_identification:_identify(/home/hunterfauntleroy/dev_ws/src/ai-navigation/motor_control) by extensions ['colcon_meta']
[0.848s] Level 1:colcon.colcon_core.package_identification:_identify(/home/hunterfauntleroy/dev_ws/src/ai-navigation/motor_control) by extension 'colcon_meta'
[0.849s] Level 1:colcon.colcon_core.package_identification:_identify(/home/hunterfauntleroy/dev_ws/src/ai-navigation/motor_control) by extensions ['ros']
[0.849s] Level 1:colcon.colcon_core.package_identification:_identify(/home/hunterfauntleroy/dev_ws/src/ai-navigation/motor_control) by extension 'ros'
[0.849s] DEBUG:colcon.colcon_core.package_identification:Package '/home/hunterfauntleroy/dev_ws/src/ai-navigation/motor_control' with type 'ros.ament_python' and name 'motor_control'
[0.849s] Level 1:colcon.colcon_core.package_identification:_identify(/home/hunterfauntleroy/dev_ws/src/ai-navigation/motor_control_interface) by extensions ['ignore', 'ignore_ament_install']
[0.849s] Level 1:colcon.colcon_core.package_identification:_identify(/home/hunterfauntleroy/dev_ws/src/ai-navigation/motor_control_interface) by extension 'ignore'
[0.849s] Level 1:colcon.colcon_core.package_identification:_identify(/home/hunterfauntleroy/dev_ws/src/ai-navigation/motor_control_interface) by extension 'ignore_ament_install'
[0.849s] Level 1:colcon.colcon_core.package_identification:_identify(/home/hunterfauntleroy/dev_ws/src/ai-navigation/motor_control_interface) by extensions ['colcon_pkg']
[0.850s] Level 1:colcon.colcon_core.package_identification:_identify(/home/hunterfauntleroy/dev_ws/src/ai-navigation/motor_control_interface) by extension 'colcon_pkg'
[0.850s] Level 1:colcon.colcon_core.package_identification:_identify(/home/hunterfauntleroy/dev_ws/src/ai-navigation/motor_control_interface) by extensions ['colcon_meta']
[0.850s] Level 1:colcon.colcon_core.package_identification:_identify(/home/hunterfauntleroy/dev_ws/src/ai-navigation/motor_control_interface) by extension 'colcon_meta'
[0.850s] Level 1:colcon.colcon_core.package_identification:_identify(/home/hunterfauntleroy/dev_ws/src/ai-navigation/motor_control_interface) by extensions ['ros']
[0.850s] Level 1:colcon.colcon_core.package_identification:_identify(/home/hunterfauntleroy/dev_ws/src/ai-navigation/motor_control_interface) by extension 'ros'
[0.850s] DEBUG:colcon.colcon_core.package_identification:Package '/home/hunterfauntleroy/dev_ws/src/ai-navigation/motor_control_interface' with type 'ros.ament_cmake' and name 'motor_control_interface'
[0.850s] Level 1:colcon.colcon_core.package_identification:_identify(/home/hunterfauntleroy/dev_ws/src/ai-navigation/navigation) by extensions ['ignore', 'ignore_ament_install']
[0.850s] Level 1:colcon.colcon_core.package_identification:_identify(/home/hunterfauntleroy/dev_ws/src/ai-navigation/navigation) by extension 'ignore'
[0.850s] Level 1:colcon.colcon_core.package_identification:_identify(/home/hunterfauntleroy/dev_ws/src/ai-navigation/navigation) by extension 'ignore_ament_install'
[0.851s] Level 1:colcon.colcon_core.package_identification:_identify(/home/hunterfauntleroy/dev_ws/src/ai-navigation/navigation) by extensions ['colcon_pkg']
[0.851s] Level 1:colcon.colcon_core.package_identification:_identify(/home/hunterfauntleroy/dev_ws/src/ai-navigation/navigation) by extension 'colcon_pkg'
[0.851s] Level 1:colcon.colcon_core.package_identification:_identify(/home/hunterfauntleroy/dev_ws/src/ai-navigation/navigation) by extensions ['colcon_meta']
[0.851s] Level 1:colcon.colcon_core.package_identification:_identify(/home/hunterfauntleroy/dev_ws/src/ai-navigation/navigation) by extension 'colcon_meta'
[0.851s] Level 1:colcon.colcon_core.package_identification:_identify(/home/hunterfauntleroy/dev_ws/src/ai-navigation/navigation) by extensions ['ros']
[0.851s] Level 1:colcon.colcon_core.package_identification:_identify(/home/hunterfauntleroy/dev_ws/src/ai-navigation/navigation) by extension 'ros'
[0.852s] DEBUG:colcon.colcon_core.package_identification:Package '/home/hunterfauntleroy/dev_ws/src/ai-navigation/navigation' with type 'ros.ament_python' and name 'navigation'
[0.852s] Level 1:colcon.colcon_core.package_identification:_identify(/home/hunterfauntleroy/dev_ws/src/ai-navigation/navigation_interface) by extensions ['ignore', 'ignore_ament_install']
[0.852s] Level 1:colcon.colcon_core.package_identification:_identify(/home/hunterfauntleroy/dev_ws/src/ai-navigation/navigation_interface) by extension 'ignore'
[0.852s] Level 1:colcon.colcon_core.package_identification:_identify(/home/hunterfauntleroy/dev_ws/src/ai-navigation/navigation_interface) by extension 'ignore_ament_install'
[0.852s] Level 1:colcon.colcon_core.package_identification:_identify(/home/hunterfauntleroy/dev_ws/src/ai-navigation/navigation_interface) by extensions ['colcon_pkg']
[0.852s] Level 1:colcon.colcon_core.package_identification:_identify(/home/hunterfauntleroy/dev_ws/src/ai-navigation/navigation_interface) by extension 'colcon_pkg'
[0.852s] Level 1:colcon.colcon_core.package_identification:_identify(/home/hunterfauntleroy/dev_ws/src/ai-navigation/navigation_interface) by extensions ['colcon_meta']
[0.852s] Level 1:colcon.colcon_core.package_identification:_identify(/home/hunterfauntleroy/dev_ws/src/ai-navigation/navigation_interface) by extension 'colcon_meta'
[0.852s] Level 1:colcon.colcon_core.package_identification:_identify(/home/hunterfauntleroy/dev_ws/src/ai-navigation/navigation_interface) by extensions ['ros']
[0.852s] Level 1:colcon.colcon_core.package_identification:_identify(/home/hunterfauntleroy/dev_ws/src/ai-navigation/navigation_interface) by extension 'ros'
[0.853s] DEBUG:colcon.colcon_core.package_identification:Package '/home/hunterfauntleroy/dev_ws/src/ai-navigation/navigation_interface' with type 'ros.ament_cmake' and name 'navigation_interface'
[0.853s] Level 1:colcon.colcon_core.package_identification:_identify(/home/hunterfauntleroy/dev_ws/src/ai-navigation/scripts) by extensions ['ignore', 'ignore_ament_install']
[0.853s] Level 1:colcon.colcon_core.package_identification:_identify(/home/hunterfauntleroy/dev_ws/src/ai-navigation/scripts) by extension 'ignore'
[0.853s] Level 1:colcon.colcon_core.package_identification:_identify(/home/hunterfauntleroy/dev_ws/src/ai-navigation/scripts) by extension 'ignore_ament_install'
[0.853s] Level 1:colcon.colcon_core.package_identification:_identify(/home/hunterfauntleroy/dev_ws/src/ai-navigation/scripts) by extensions ['colcon_pkg']
[0.853s] Level 1:colcon.colcon_core.package_identification:_identify(/home/hunterfauntleroy/dev_ws/src/ai-navigation/scripts) by extension 'colcon_pkg'
[0.853s] Level 1:colcon.colcon_core.package_identification:_identify(/home/hunterfauntleroy/dev_ws/src/ai-navigation/scripts) by extensions ['colcon_meta']
[0.853s] Level 1:colcon.colcon_core.package_identification:_identify(/home/hunterfauntleroy/dev_ws/src/ai-navigation/scripts) by extension 'colcon_meta'
[0.853s] Level 1:colcon.colcon_core.package_identification:_identify(/home/hunterfauntleroy/dev_ws/src/ai-navigation/scripts) by extensions ['ros']
[0.853s] Level 1:colcon.colcon_core.package_identification:_identify(/home/hunterfauntleroy/dev_ws/src/ai-navigation/scripts) by extension 'ros'
[0.853s] Level 1:colcon.colcon_core.package_identification:_identify(/home/hunterfauntleroy/dev_ws/src/ai-navigation/scripts) by extensions ['cmake', 'python']
[0.853s] Level 1:colcon.colcon_core.package_identification:_identify(/home/hunterfauntleroy/dev_ws/src/ai-navigation/scripts) by extension 'cmake'
[0.853s] Level 1:colcon.colcon_core.package_identification:_identify(/home/hunterfauntleroy/dev_ws/src/ai-navigation/scripts) by extension 'python'
[0.854s] Level 1:colcon.colcon_core.package_identification:_identify(/home/hunterfauntleroy/dev_ws/src/ai-navigation/scripts) by extensions ['python_setup_py']
[0.854s] Level 1:colcon.colcon_core.package_identification:_identify(/home/hunterfauntleroy/dev_ws/src/ai-navigation/scripts) by extension 'python_setup_py'
[0.854s] Level 1:colcon.colcon_core.package_identification:_identify(/home/hunterfauntleroy/dev_ws/src/ai-navigation/teleop) by extensions ['ignore', 'ignore_ament_install']
[0.854s] Level 1:colcon.colcon_core.package_identification:_identify(/home/hunterfauntleroy/dev_ws/src/ai-navigation/teleop) by extension 'ignore'
[0.854s] Level 1:colcon.colcon_core.package_identification:_identify(/home/hunterfauntleroy/dev_ws/src/ai-navigation/teleop) by extension 'ignore_ament_install'
[0.854s] Level 1:colcon.colcon_core.package_identification:_identify(/home/hunterfauntleroy/dev_ws/src/ai-navigation/teleop) by extensions ['colcon_pkg']
[0.854s] Level 1:colcon.colcon_core.package_identification:_identify(/home/hunterfauntleroy/dev_ws/src/ai-navigation/teleop) by extension 'colcon_pkg'
[0.854s] Level 1:colcon.colcon_core.package_identification:_identify(/home/hunterfauntleroy/dev_ws/src/ai-navigation/teleop) by extensions ['colcon_meta']
[0.854s] Level 1:colcon.colcon_core.package_identification:_identify(/home/hunterfauntleroy/dev_ws/src/ai-navigation/teleop) by extension 'colcon_meta'
[0.854s] Level 1:colcon.colcon_core.package_identification:_identify(/home/hunterfauntleroy/dev_ws/src/ai-navigation/teleop) by extensions ['ros']
[0.854s] Level 1:colcon.colcon_core.package_identification:_identify(/home/hunterfauntleroy/dev_ws/src/ai-navigation/teleop) by extension 'ros'
[0.855s] DEBUG:colcon.colcon_core.package_identification:Package '/home/hunterfauntleroy/dev_ws/src/ai-navigation/teleop' with type 'ros.ament_python' and name 'teleop'
[0.855s] Level 1:colcon.colcon_core.package_identification:_identify(/home/hunterfauntleroy/dev_ws/src/anomaly_detection) by extensions ['ignore', 'ignore_ament_install']
[0.855s] Level 1:colcon.colcon_core.package_identification:_identify(/home/hunterfauntleroy/dev_ws/src/anomaly_detection) by extension 'ignore'
[0.855s] Level 1:colcon.colcon_core.package_identification:_identify(/home/hunterfauntleroy/dev_ws/src/anomaly_detection) by extension 'ignore_ament_install'
[0.855s] Level 1:colcon.colcon_core.package_identification:_identify(/home/hunterfauntleroy/dev_ws/src/anomaly_detection) by extensions ['colcon_pkg']
[0.855s] Level 1:colcon.colcon_core.package_identification:_identify(/home/hunterfauntleroy/dev_ws/src/anomaly_detection) by extension 'colcon_pkg'
[0.855s] Level 1:colcon.colcon_core.package_identification:_identify(/home/hunterfauntleroy/dev_ws/src/anomaly_detection) by extensions ['colcon_meta']
[0.855s] Level 1:colcon.colcon_core.package_identification:_identify(/home/hunterfauntleroy/dev_ws/src/anomaly_detection) by extension 'colcon_meta'
[0.855s] Level 1:colcon.colcon_core.package_identification:_identify(/home/hunterfauntleroy/dev_ws/src/anomaly_detection) by extensions ['ros']
[0.855s] Level 1:colcon.colcon_core.package_identification:_identify(/home/hunterfauntleroy/dev_ws/src/anomaly_detection) by extension 'ros'
[0.855s] Level 1:colcon.colcon_core.package_identification:_identify(/home/hunterfauntleroy/dev_ws/src/anomaly_detection) by extensions ['cmake', 'python']
[0.855s] Level 1:colcon.colcon_core.package_identification:_identify(/home/hunterfauntleroy/dev_ws/src/anomaly_detection) by extension 'cmake'
[0.855s] Level 1:colcon.colcon_core.package_identification:_identify(/home/hunterfauntleroy/dev_ws/src/anomaly_detection) by extension 'python'
[0.856s] Level 1:colcon.colcon_core.package_identification:_identify(/home/hunterfauntleroy/dev_ws/src/anomaly_detection) by extensions ['python_setup_py']
[0.856s] Level 1:colcon.colcon_core.package_identification:_identify(/home/hunterfauntleroy/dev_ws/src/anomaly_detection) by extension 'python_setup_py'
[0.856s] Level 1:colcon.colcon_core.package_identification:_identify(/home/hunterfauntleroy/dev_ws/src/anomaly_detection/anomaly_detection) by extensions ['ignore', 'ignore_ament_install']
[0.856s] Level 1:colcon.colcon_core.package_identification:_identify(/home/hunterfauntleroy/dev_ws/src/anomaly_detection/anomaly_detection) by extension 'ignore'
[0.856s] Level 1:colcon.colcon_core.package_identification:_identify(/home/hunterfauntleroy/dev_ws/src/anomaly_detection/anomaly_detection) by extension 'ignore_ament_install'
[0.856s] Level 1:colcon.colcon_core.package_identification:_identify(/home/hunterfauntleroy/dev_ws/src/anomaly_detection/anomaly_detection) by extensions ['colcon_pkg']
[0.856s] Level 1:colcon.colcon_core.package_identification:_identify(/home/hunterfauntleroy/dev_ws/src/anomaly_detection/anomaly_detection) by extension 'colcon_pkg'
[0.856s] Level 1:colcon.colcon_core.package_identification:_identify(/home/hunterfauntleroy/dev_ws/src/anomaly_detection/anomaly_detection) by extensions ['colcon_meta']
[0.856s] Level 1:colcon.colcon_core.package_identification:_identify(/home/hunterfauntleroy/dev_ws/src/anomaly_detection/anomaly_detection) by extension 'colcon_meta'
[0.856s] Level 1:colcon.colcon_core.package_identification:_identify(/home/hunterfauntleroy/dev_ws/src/anomaly_detection/anomaly_detection) by extensions ['ros']
[0.856s] Level 1:colcon.colcon_core.package_identification:_identify(/home/hunterfauntleroy/dev_ws/src/anomaly_detection/anomaly_detection) by extension 'ros'
[0.857s] DEBUG:colcon.colcon_core.package_identification:Package '/home/hunterfauntleroy/dev_ws/src/anomaly_detection/anomaly_detection' with type 'ros.ament_python' and name 'anomaly_detection'
[0.857s] Level 1:colcon.colcon_core.package_identification:_identify(/home/hunterfauntleroy/dev_ws/src/anomaly_detection/anomaly_msg) by extensions ['ignore', 'ignore_ament_install']
[0.857s] Level 1:colcon.colcon_core.package_identification:_identify(/home/hunterfauntleroy/dev_ws/src/anomaly_detection/anomaly_msg) by extension 'ignore'
[0.857s] Level 1:colcon.colcon_core.package_identification:_identify(/home/hunterfauntleroy/dev_ws/src/anomaly_detection/anomaly_msg) by extension 'ignore_ament_install'
[0.857s] Level 1:colcon.colcon_core.package_identification:_identify(/home/hunterfauntleroy/dev_ws/src/anomaly_detection/anomaly_msg) by extensions ['colcon_pkg']
[0.857s] Level 1:colcon.colcon_core.package_identification:_identify(/home/hunterfauntleroy/dev_ws/src/anomaly_detection/anomaly_msg) by extension 'colcon_pkg'
[0.857s] Level 1:colcon.colcon_core.package_identification:_identify(/home/hunterfauntleroy/dev_ws/src/anomaly_detection/anomaly_msg) by extensions ['colcon_meta']
[0.857s] Level 1:colcon.colcon_core.package_identification:_identify(/home/hunterfauntleroy/dev_ws/src/anomaly_detection/anomaly_msg) by extension 'colcon_meta'
[0.857s] Level 1:colcon.colcon_core.package_identification:_identify(/home/hunterfauntleroy/dev_ws/src/anomaly_detection/anomaly_msg) by extensions ['ros']
[0.857s] Level 1:colcon.colcon_core.package_identification:_identify(/home/hunterfauntleroy/dev_ws/src/anomaly_detection/anomaly_msg) by extension 'ros'
[0.858s] DEBUG:colcon.colcon_core.package_identification:Package '/home/hunterfauntleroy/dev_ws/src/anomaly_detection/anomaly_msg' with type 'ros.ament_cmake' and name 'anomaly_msg'
[0.858s] Level 1:colcon.colcon_core.package_identification:_identify(/home/hunterfauntleroy/dev_ws/src/anomaly_detection/docs) by extensions ['ignore', 'ignore_ament_install']
[0.859s] Level 1:colcon.colcon_core.package_identification:_identify(/home/hunterfauntleroy/dev_ws/src/anomaly_detection/docs) by extension 'ignore'
[0.859s] Level 1:colcon.colcon_core.package_identification:_identify(/home/hunterfauntleroy/dev_ws/src/anomaly_detection/docs) by extension 'ignore_ament_install'
[0.859s] Level 1:colcon.colcon_core.package_identification:_identify(/home/hunterfauntleroy/dev_ws/src/anomaly_detection/docs) by extensions ['colcon_pkg']
[0.859s] Level 1:colcon.colcon_core.package_identification:_identify(/home/hunterfauntleroy/dev_ws/src/anomaly_detection/docs) by extension 'colcon_pkg'
[0.859s] Level 1:colcon.colcon_core.package_identification:_identify(/home/hunterfauntleroy/dev_ws/src/anomaly_detection/docs) by extensions ['colcon_meta']
[0.859s] Level 1:colcon.colcon_core.package_identification:_identify(/home/hunterfauntleroy/dev_ws/src/anomaly_detection/docs) by extension 'colcon_meta'
[0.859s] Level 1:colcon.colcon_core.package_identification:_identify(/home/hunterfauntleroy/dev_ws/src/anomaly_detection/docs) by extensions ['ros']
[0.859s] Level 1:colcon.colcon_core.package_identification:_identify(/home/hunterfauntleroy/dev_ws/src/anomaly_detection/docs) by extension 'ros'
[0.859s] Level 1:colcon.colcon_core.package_identification:_identify(/home/hunterfauntleroy/dev_ws/src/anomaly_detection/docs) by extensions ['cmake', 'python']
[0.859s] Level 1:colcon.colcon_core.package_identification:_identify(/home/hunterfauntleroy/dev_ws/src/anomaly_detection/docs) by extension 'cmake'
[0.859s] Level 1:colcon.colcon_core.package_identification:_identify(/home/hunterfauntleroy/dev_ws/src/anomaly_detection/docs) by extension 'python'
[0.860s] Level 1:colcon.colcon_core.package_identification:_identify(/home/hunterfauntleroy/dev_ws/src/anomaly_detection/docs) by extensions ['python_setup_py']
[0.860s] Level 1:colcon.colcon_core.package_identification:_identify(/home/hunterfauntleroy/dev_ws/src/anomaly_detection/docs) by extension 'python_setup_py'
[0.860s] Level 1:colcon.colcon_core.package_identification:_identify(/home/hunterfauntleroy/dev_ws/src/anomaly_detection/logs) by extensions ['ignore', 'ignore_ament_install']
[0.860s] Level 1:colcon.colcon_core.package_identification:_identify(/home/hunterfauntleroy/dev_ws/src/anomaly_detection/logs) by extension 'ignore'
[0.860s] Level 1:colcon.colcon_core.package_identification:_identify(/home/hunterfauntleroy/dev_ws/src/anomaly_detection/logs) by extension 'ignore_ament_install'
[0.860s] Level 1:colcon.colcon_core.package_identification:_identify(/home/hunterfauntleroy/dev_ws/src/anomaly_detection/logs) by extensions ['colcon_pkg']
[0.860s] Level 1:colcon.colcon_core.package_identification:_identify(/home/hunterfauntleroy/dev_ws/src/anomaly_detection/logs) by extension 'colcon_pkg'
[0.860s] Level 1:colcon.colcon_core.package_identification:_identify(/home/hunterfauntleroy/dev_ws/src/anomaly_detection/logs) by extensions ['colcon_meta']
[0.860s] Level 1:colcon.colcon_core.package_identification:_identify(/home/hunterfauntleroy/dev_ws/src/anomaly_detection/logs) by extension 'colcon_meta'
[0.860s] Level 1:colcon.colcon_core.package_identification:_identify(/home/hunterfauntleroy/dev_ws/src/anomaly_detection/logs) by extensions ['ros']
[0.860s] Level 1:colcon.colcon_core.package_identification:_identify(/home/hunterfauntleroy/dev_ws/src/anomaly_detection/logs) by extension 'ros'
[0.861s] Level 1:colcon.colcon_core.package_identification:_identify(/home/hunterfauntleroy/dev_ws/src/anomaly_detection/logs) by extensions ['cmake', 'python']
[0.861s] Level 1:colcon.colcon_core.package_identification:_identify(/home/hunterfauntleroy/dev_ws/src/anomaly_detection/logs) by extension 'cmake'
[0.861s] Level 1:colcon.colcon_core.package_identification:_identify(/home/hunterfauntleroy/dev_ws/src/anomaly_detection/logs) by extension 'python'
[0.861s] Level 1:colcon.colcon_core.package_identification:_identify(/home/hunterfauntleroy/dev_ws/src/anomaly_detection/logs) by extensions ['python_setup_py']
[0.861s] Level 1:colcon.colcon_core.package_identification:_identify(/home/hunterfauntleroy/dev_ws/src/anomaly_detection/logs) by extension 'python_setup_py'
[0.861s] Level 1:colcon.colcon_core.package_identification:_identify(/home/hunterfauntleroy/dev_ws/src/anomaly_detection/system_evaluation) by extensions ['ignore', 'ignore_ament_install']
[0.861s] Level 1:colcon.colcon_core.package_identification:_identify(/home/hunterfauntleroy/dev_ws/src/anomaly_detection/system_evaluation) by extension 'ignore'
[0.861s] Level 1:colcon.colcon_core.package_identification:_identify(/home/hunterfauntleroy/dev_ws/src/anomaly_detection/system_evaluation) by extension 'ignore_ament_install'
[0.861s] Level 1:colcon.colcon_core.package_identification:_identify(/home/hunterfauntleroy/dev_ws/src/anomaly_detection/system_evaluation) by extensions ['colcon_pkg']
[0.861s] Level 1:colcon.colcon_core.package_identification:_identify(/home/hunterfauntleroy/dev_ws/src/anomaly_detection/system_evaluation) by extension 'colcon_pkg'
[0.862s] Level 1:colcon.colcon_core.package_identification:_identify(/home/hunterfauntleroy/dev_ws/src/anomaly_detection/system_evaluation) by extensions ['colcon_meta']
[0.862s] Level 1:colcon.colcon_core.package_identification:_identify(/home/hunterfauntleroy/dev_ws/src/anomaly_detection/system_evaluation) by extension 'colcon_meta'
[0.862s] Level 1:colcon.colcon_core.package_identification:_identify(/home/hunterfauntleroy/dev_ws/src/anomaly_detection/system_evaluation) by extensions ['ros']
[0.862s] Level 1:colcon.colcon_core.package_identification:_identify(/home/hunterfauntleroy/dev_ws/src/anomaly_detection/system_evaluation) by extension 'ros'
[0.862s] Level 1:colcon.colcon_core.package_identification:_identify(/home/hunterfauntleroy/dev_ws/src/anomaly_detection/system_evaluation) by extensions ['cmake', 'python']
[0.862s] Level 1:colcon.colcon_core.package_identification:_identify(/home/hunterfauntleroy/dev_ws/src/anomaly_detection/system_evaluation) by extension 'cmake'
[0.862s] Level 1:colcon.colcon_core.package_identification:_identify(/home/hunterfauntleroy/dev_ws/src/anomaly_detection/system_evaluation) by extension 'python'
[0.862s] Level 1:colcon.colcon_core.package_identification:_identify(/home/hunterfauntleroy/dev_ws/src/anomaly_detection/system_evaluation) by extensions ['python_setup_py']
[0.862s] Level 1:colcon.colcon_core.package_identification:_identify(/home/hunterfauntleroy/dev_ws/src/anomaly_detection/system_evaluation) by extension 'python_setup_py'
[0.862s] Level 1:colcon.colcon_core.package_identification:_identify(/home/hunterfauntleroy/dev_ws/src/anomaly_detection/system_evaluation/bags) by extensions ['ignore', 'ignore_ament_install']
[0.862s] Level 1:colcon.colcon_core.package_identification:_identify(/home/hunterfauntleroy/dev_ws/src/anomaly_detection/system_evaluation/bags) by extension 'ignore'
[0.863s] Level 1:colcon.colcon_core.package_identification:_identify(/home/hunterfauntleroy/dev_ws/src/anomaly_detection/system_evaluation/bags) by extension 'ignore_ament_install'
[0.863s] Level 1:colcon.colcon_core.package_identification:_identify(/home/hunterfauntleroy/dev_ws/src/anomaly_detection/system_evaluation/bags) by extensions ['colcon_pkg']
[0.863s] Level 1:colcon.colcon_core.package_identification:_identify(/home/hunterfauntleroy/dev_ws/src/anomaly_detection/system_evaluation/bags) by extension 'colcon_pkg'
[0.863s] Level 1:colcon.colcon_core.package_identification:_identify(/home/hunterfauntleroy/dev_ws/src/anomaly_detection/system_evaluation/bags) by extensions ['colcon_meta']
[0.863s] Level 1:colcon.colcon_core.package_identification:_identify(/home/hunterfauntleroy/dev_ws/src/anomaly_detection/system_evaluation/bags) by extension 'colcon_meta'
[0.863s] Level 1:colcon.colcon_core.package_identification:_identify(/home/hunterfauntleroy/dev_ws/src/anomaly_detection/system_evaluation/bags) by extensions ['ros']
[0.863s] Level 1:colcon.colcon_core.package_identification:_identify(/home/hunterfauntleroy/dev_ws/src/anomaly_detection/system_evaluation/bags) by extension 'ros'
[0.863s] Level 1:colcon.colcon_core.package_identification:_identify(/home/hunterfauntleroy/dev_ws/src/anomaly_detection/system_evaluation/bags) by extensions ['cmake', 'python']
[0.863s] Level 1:colcon.colcon_core.package_identification:_identify(/home/hunterfauntleroy/dev_ws/src/anomaly_detection/system_evaluation/bags) by extension 'cmake'
[0.863s] Level 1:colcon.colcon_core.package_identification:_identify(/home/hunterfauntleroy/dev_ws/src/anomaly_detection/system_evaluation/bags) by extension 'python'
[0.863s] Level 1:colcon.colcon_core.package_identification:_identify(/home/hunterfauntleroy/dev_ws/src/anomaly_detection/system_evaluation/bags) by extensions ['python_setup_py']
[0.863s] Level 1:colcon.colcon_core.package_identification:_identify(/home/hunterfauntleroy/dev_ws/src/anomaly_detection/system_evaluation/bags) by extension 'python_setup_py'
[0.863s] Level 1:colcon.colcon_core.package_identification:_identify(/home/hunterfauntleroy/dev_ws/src/anomaly_detection/system_evaluation/bags/anomaly_bag) by extensions ['ignore', 'ignore_ament_install']
[0.864s] Level 1:colcon.colcon_core.package_identification:_identify(/home/hunterfauntleroy/dev_ws/src/anomaly_detection/system_evaluation/bags/anomaly_bag) by extension 'ignore'
[0.864s] Level 1:colcon.colcon_core.package_identification:_identify(/home/hunterfauntleroy/dev_ws/src/anomaly_detection/system_evaluation/bags/anomaly_bag) by extension 'ignore_ament_install'
[0.864s] Level 1:colcon.colcon_core.package_identification:_identify(/home/hunterfauntleroy/dev_ws/src/anomaly_detection/system_evaluation/bags/anomaly_bag) by extensions ['colcon_pkg']
[0.864s] Level 1:colcon.colcon_core.package_identification:_identify(/home/hunterfauntleroy/dev_ws/src/anomaly_detection/system_evaluation/bags/anomaly_bag) by extension 'colcon_pkg'
[0.864s] Level 1:colcon.colcon_core.package_identification:_identify(/home/hunterfauntleroy/dev_ws/src/anomaly_detection/system_evaluation/bags/anomaly_bag) by extensions ['colcon_meta']
[0.864s] Level 1:colcon.colcon_core.package_identification:_identify(/home/hunterfauntleroy/dev_ws/src/anomaly_detection/system_evaluation/bags/anomaly_bag) by extension 'colcon_meta'
[0.864s] Level 1:colcon.colcon_core.package_identification:_identify(/home/hunterfauntleroy/dev_ws/src/anomaly_detection/system_evaluation/bags/anomaly_bag) by extensions ['ros']
[0.864s] Level 1:colcon.colcon_core.package_identification:_identify(/home/hunterfauntleroy/dev_ws/src/anomaly_detection/system_evaluation/bags/anomaly_bag) by extension 'ros'
[0.864s] Level 1:colcon.colcon_core.package_identification:_identify(/home/hunterfauntleroy/dev_ws/src/anomaly_detection/system_evaluation/bags/anomaly_bag) by extensions ['cmake', 'python']
[0.864s] Level 1:colcon.colcon_core.package_identification:_identify(/home/hunterfauntleroy/dev_ws/src/anomaly_detection/system_evaluation/bags/anomaly_bag) by extension 'cmake'
[0.864s] Level 1:colcon.colcon_core.package_identification:_identify(/home/hunterfauntleroy/dev_ws/src/anomaly_detection/system_evaluation/bags/anomaly_bag) by extension 'python'
[0.864s] Level 1:colcon.colcon_core.package_identification:_identify(/home/hunterfauntleroy/dev_ws/src/anomaly_detection/system_evaluation/bags/anomaly_bag) by extensions ['python_setup_py']
[0.864s] Level 1:colcon.colcon_core.package_identification:_identify(/home/hunterfauntleroy/dev_ws/src/anomaly_detection/system_evaluation/bags/anomaly_bag) by extension 'python_setup_py'
[0.865s] Level 1:colcon.colcon_core.package_identification:_identify(/home/hunterfauntleroy/dev_ws/src/anomaly_detection/system_evaluation/bags/rosbag2_2026_04_22-17_52_00) by extensions ['ignore', 'ignore_ament_install']
[0.865s] Level 1:colcon.colcon_core.package_identification:_identify(/home/hunterfauntleroy/dev_ws/src/anomaly_detection/system_evaluation/bags/rosbag2_2026_04_22-17_52_00) by extension 'ignore'
[0.865s] Level 1:colcon.colcon_core.package_identification:_identify(/home/hunterfauntleroy/dev_ws/src/anomaly_detection/system_evaluation/bags/rosbag2_2026_04_22-17_52_00) by extension 'ignore_ament_install'
[0.865s] Level 1:colcon.colcon_core.package_identification:_identify(/home/hunterfauntleroy/dev_ws/src/anomaly_detection/system_evaluation/bags/rosbag2_2026_04_22-17_52_00) by extensions ['colcon_pkg']
[0.865s] Level 1:colcon.colcon_core.package_identification:_identify(/home/hunterfauntleroy/dev_ws/src/anomaly_detection/system_evaluation/bags/rosbag2_2026_04_22-17_52_00) by extension 'colcon_pkg'
[0.865s] Level 1:colcon.colcon_core.package_identification:_identify(/home/hunterfauntleroy/dev_ws/src/anomaly_detection/system_evaluation/bags/rosbag2_2026_04_22-17_52_00) by extensions ['colcon_meta']
[0.865s] Level 1:colcon.colcon_core.package_identification:_identify(/home/hunterfauntleroy/dev_ws/src/anomaly_detection/system_evaluation/bags/rosbag2_2026_04_22-17_52_00) by extension 'colcon_meta'
[0.865s] Level 1:colcon.colcon_core.package_identification:_identify(/home/hunterfauntleroy/dev_ws/src/anomaly_detection/system_evaluation/bags/rosbag2_2026_04_22-17_52_00) by extensions ['ros']
[0.865s] Level 1:colcon.colcon_core.package_identification:_identify(/home/hunterfauntleroy/dev_ws/src/anomaly_detection/system_evaluation/bags/rosbag2_2026_04_22-17_52_00) by extension 'ros'
[0.866s] Level 1:colcon.colcon_core.package_identification:_identify(/home/hunterfauntleroy/dev_ws/src/anomaly_detection/system_evaluation/bags/rosbag2_2026_04_22-17_52_00) by extensions ['cmake', 'python']
[0.866s] Level 1:colcon.colcon_core.package_identification:_identify(/home/hunterfauntleroy/dev_ws/src/anomaly_detection/system_evaluation/bags/rosbag2_2026_04_22-17_52_00) by extension 'cmake'
[0.866s] Level 1:colcon.colcon_core.package_identification:_identify(/home/hunterfauntleroy/dev_ws/src/anomaly_detection/system_evaluation/bags/rosbag2_2026_04_22-17_52_00) by extension 'python'
[0.866s] Level 1:colcon.colcon_core.package_identification:_identify(/home/hunterfauntleroy/dev_ws/src/anomaly_detection/system_evaluation/bags/rosbag2_2026_04_22-17_52_00) by extensions ['python_setup_py']
[0.866s] Level 1:colcon.colcon_core.package_identification:_identify(/home/hunterfauntleroy/dev_ws/src/anomaly_detection/system_evaluation/bags/rosbag2_2026_04_22-17_52_00) by extension 'python_setup_py'
[0.866s] Level 1:colcon.colcon_core.package_identification:_identify(/home/hunterfauntleroy/dev_ws/src/anomaly_detection/system_evaluation/bags/rosbag2_2026_05_02-01_11_59) by extensions ['ignore', 'ignore_ament_install']
[0.866s] Level 1:colcon.colcon_core.package_identification:_identify(/home/hunterfauntleroy/dev_ws/src/anomaly_detection/system_evaluation/bags/rosbag2_2026_05_02-01_11_59) by extension 'ignore'
[0.867s] Level 1:colcon.colcon_core.package_identification:_identify(/home/hunterfauntleroy/dev_ws/src/anomaly_detection/system_evaluation/bags/rosbag2_2026_05_02-01_11_59) by extension 'ignore_ament_install'
[0.867s] Level 1:colcon.colcon_core.package_identification:_identify(/home/hunterfauntleroy/dev_ws/src/anomaly_detection/system_evaluation/bags/rosbag2_2026_05_02-01_11_59) by extensions ['colcon_pkg']
[0.867s] Level 1:colcon.colcon_core.package_identification:_identify(/home/hunterfauntleroy/dev_ws/src/anomaly_detection/system_evaluation/bags/rosbag2_2026_05_02-01_11_59) by extension 'colcon_pkg'
[0.867s] Level 1:colcon.colcon_core.package_identification:_identify(/home/hunterfauntleroy/dev_ws/src/anomaly_detection/system_evaluation/bags/rosbag2_2026_05_02-01_11_59) by extensions ['colcon_meta']
[0.867s] Level 1:colcon.colcon_core.package_identification:_identify(/home/hunterfauntleroy/dev_ws/src/anomaly_detection/system_evaluation/bags/rosbag2_2026_05_02-01_11_59) by extension 'colcon_meta'
[0.867s] Level 1:colcon.colcon_core.package_identification:_identify(/home/hunterfauntleroy/dev_ws/src/anomaly_detection/system_evaluation/bags/rosbag2_2026_05_02-01_11_59) by extensions ['ros']
[0.867s] Level 1:colcon.colcon_core.package_identification:_identify(/home/hunterfauntleroy/dev_ws/src/anomaly_detection/system_evaluation/bags/rosbag2_2026_05_02-01_11_59) by extension 'ros'
[0.867s] Level 1:colcon.colcon_core.package_identification:_identify(/home/hunterfauntleroy/dev_ws/src/anomaly_detection/system_evaluation/bags/rosbag2_2026_05_02-01_11_59) by extensions ['cmake', 'python']
[0.867s] Level 1:colcon.colcon_core.package_identification:_identify(/home/hunterfauntleroy/dev_ws/src/anomaly_detection/system_evaluation/bags/rosbag2_2026_05_02-01_11_59) by extension 'cmake'
[0.867s] Level 1:colcon.colcon_core.package_identification:_identify(/home/hunterfauntleroy/dev_ws/src/anomaly_detection/system_evaluation/bags/rosbag2_2026_05_02-01_11_59) by extension 'python'
[0.868s] Level 1:colcon.colcon_core.package_identification:_identify(/home/hunterfauntleroy/dev_ws/src/anomaly_detection/system_evaluation/bags/rosbag2_2026_05_02-01_11_59) by extensions ['python_setup_py']
[0.868s] Level 1:colcon.colcon_core.package_identification:_identify(/home/hunterfauntleroy/dev_ws/src/anomaly_detection/system_evaluation/bags/rosbag2_2026_05_02-01_11_59) by extension 'python_setup_py'
[0.868s] Level 1:colcon.colcon_core.package_identification:_identify(/home/hunterfauntleroy/dev_ws/src/anomaly_detection/system_evaluation/bags/rosbag2_2026_05_02-01_12_26) by extensions ['ignore', 'ignore_ament_install']
[0.868s] Level 1:colcon.colcon_core.package_identification:_identify(/home/hunterfauntleroy/dev_ws/src/anomaly_detection/system_evaluation/bags/rosbag2_2026_05_02-01_12_26) by extension 'ignore'
[0.868s] Level 1:colcon.colcon_core.package_identification:_identify(/home/hunterfauntleroy/dev_ws/src/anomaly_detection/system_evaluation/bags/rosbag2_2026_05_02-01_12_26) by extension 'ignore_ament_install'
[0.868s] Level 1:colcon.colcon_core.package_identification:_identify(/home/hunterfauntleroy/dev_ws/src/anomaly_detection/system_evaluation/bags/rosbag2_2026_05_02-01_12_26) by extensions ['colcon_pkg']
[0.868s] Level 1:colcon.colcon_core.package_identification:_identify(/home/hunterfauntleroy/dev_ws/src/anomaly_detection/system_evaluation/bags/rosbag2_2026_05_02-01_12_26) by extension 'colcon_pkg'
[0.868s] Level 1:colcon.colcon_core.package_identification:_identify(/home/hunterfauntleroy/dev_ws/src/anomaly_detection/system_evaluation/bags/rosbag2_2026_05_02-01_12_26) by extensions ['colcon_meta']
[0.869s] Level 1:colcon.colcon_core.package_identification:_identify(/home/hunterfauntleroy/dev_ws/src/anomaly_detection/system_evaluation/bags/rosbag2_2026_05_02-01_12_26) by extension 'colcon_meta'
[0.869s] Level 1:colcon.colcon_core.package_identification:_identify(/home/hunterfauntleroy/dev_ws/src/anomaly_detection/system_evaluation/bags/rosbag2_2026_05_02-01_12_26) by extensions ['ros']
[0.869s] Level 1:colcon.colcon_core.package_identification:_identify(/home/hunterfauntleroy/dev_ws/src/anomaly_detection/system_evaluation/bags/rosbag2_2026_05_02-01_12_26) by extension 'ros'
[0.869s] Level 1:colcon.colcon_core.package_identification:_identify(/home/hunterfauntleroy/dev_ws/src/anomaly_detection/system_evaluation/bags/rosbag2_2026_05_02-01_12_26) by extensions ['cmake', 'python']
[0.869s] Level 1:colcon.colcon_core.package_identification:_identify(/home/hunterfauntleroy/dev_ws/src/anomaly_detection/system_evaluation/bags/rosbag2_2026_05_02-01_12_26) by extension 'cmake'
[0.869s] Level 1:colcon.colcon_core.package_identification:_identify(/home/hunterfauntleroy/dev_ws/src/anomaly_detection/system_evaluation/bags/rosbag2_2026_05_02-01_12_26) by extension 'python'
[0.869s] Level 1:colcon.colcon_core.package_identification:_identify(/home/hunterfauntleroy/dev_ws/src/anomaly_detection/system_evaluation/bags/rosbag2_2026_05_02-01_12_26) by extensions ['python_setup_py']
[0.869s] Level 1:colcon.colcon_core.package_identification:_identify(/home/hunterfauntleroy/dev_ws/src/anomaly_detection/system_evaluation/bags/rosbag2_2026_05_02-01_12_26) by extension 'python_setup_py'
[0.869s] Level 1:colcon.colcon_core.package_identification:_identify(/home/hunterfauntleroy/dev_ws/src/anomaly_detection/system_evaluation/configs) by extensions ['ignore', 'ignore_ament_install']
[0.870s] Level 1:colcon.colcon_core.package_identification:_identify(/home/hunterfauntleroy/dev_ws/src/anomaly_detection/system_evaluation/configs) by extension 'ignore'
[0.870s] Level 1:colcon.colcon_core.package_identification:_identify(/home/hunterfauntleroy/dev_ws/src/anomaly_detection/system_evaluation/configs) by extension 'ignore_ament_install'
[0.870s] Level 1:colcon.colcon_core.package_identification:_identify(/home/hunterfauntleroy/dev_ws/src/anomaly_detection/system_evaluation/configs) by extensions ['colcon_pkg']
[0.870s] Level 1:colcon.colcon_core.package_identification:_identify(/home/hunterfauntleroy/dev_ws/src/anomaly_detection/system_evaluation/configs) by extension 'colcon_pkg'
[0.870s] Level 1:colcon.colcon_core.package_identification:_identify(/home/hunterfauntleroy/dev_ws/src/anomaly_detection/system_evaluation/configs) by extensions ['colcon_meta']
[0.870s] Level 1:colcon.colcon_core.package_identification:_identify(/home/hunterfauntleroy/dev_ws/src/anomaly_detection/system_evaluation/configs) by extension 'colcon_meta'
[0.870s] Level 1:colcon.colcon_core.package_identification:_identify(/home/hunterfauntleroy/dev_ws/src/anomaly_detection/system_evaluation/configs) by extensions ['ros']
[0.870s] Level 1:colcon.colcon_core.package_identification:_identify(/home/hunterfauntleroy/dev_ws/src/anomaly_detection/system_evaluation/configs) by extension 'ros'
[0.870s] Level 1:colcon.colcon_core.package_identification:_identify(/home/hunterfauntleroy/dev_ws/src/anomaly_detection/system_evaluation/configs) by extensions ['cmake', 'python']
[0.870s] Level 1:colcon.colcon_core.package_identification:_identify(/home/hunterfauntleroy/dev_ws/src/anomaly_detection/system_evaluation/configs) by extension 'cmake'
[0.871s] Level 1:colcon.colcon_core.package_identification:_identify(/home/hunterfauntleroy/dev_ws/src/anomaly_detection/system_evaluation/configs) by extension 'python'
[0.871s] Level 1:colcon.colcon_core.package_identification:_identify(/home/hunterfauntleroy/dev_ws/src/anomaly_detection/system_evaluation/configs) by extensions ['python_setup_py']
[0.871s] Level 1:colcon.colcon_core.package_identification:_identify(/home/hunterfauntleroy/dev_ws/src/anomaly_detection/system_evaluation/configs) by extension 'python_setup_py'
[0.871s] Level 1:colcon.colcon_core.package_identification:_identify(/home/hunterfauntleroy/dev_ws/src/anomaly_detection/tester) by extensions ['ignore', 'ignore_ament_install']
[0.871s] Level 1:colcon.colcon_core.package_identification:_identify(/home/hunterfauntleroy/dev_ws/src/anomaly_detection/tester) by extension 'ignore'
[0.871s] Level 1:colcon.colcon_core.package_identification:_identify(/home/hunterfauntleroy/dev_ws/src/anomaly_detection/tester) by extension 'ignore_ament_install'
[0.871s] Level 1:colcon.colcon_core.package_identification:_identify(/home/hunterfauntleroy/dev_ws/src/anomaly_detection/tester) by extensions ['colcon_pkg']
[0.871s] Level 1:colcon.colcon_core.package_identification:_identify(/home/hunterfauntleroy/dev_ws/src/anomaly_detection/tester) by extension 'colcon_pkg'
[0.872s] Level 1:colcon.colcon_core.package_identification:_identify(/home/hunterfauntleroy/dev_ws/src/anomaly_detection/tester) by extensions ['colcon_meta']
[0.872s] Level 1:colcon.colcon_core.package_identification:_identify(/home/hunterfauntleroy/dev_ws/src/anomaly_detection/tester) by extension 'colcon_meta'
[0.872s] Level 1:colcon.colcon_core.package_identification:_identify(/home/hunterfauntleroy/dev_ws/src/anomaly_detection/tester) by extensions ['ros']
[0.872s] Level 1:colcon.colcon_core.package_identification:_identify(/home/hunterfauntleroy/dev_ws/src/anomaly_detection/tester) by extension 'ros'
[0.872s] DEBUG:colcon.colcon_core.package_identification:Package '/home/hunterfauntleroy/dev_ws/src/anomaly_detection/tester' with type 'ros.ament_python' and name 'tester'
[0.873s] Level 1:colcon.colcon_core.package_identification:_identify(/home/hunterfauntleroy/dev_ws/src/av_course_spring26) by extensions ['ignore', 'ignore_ament_install']
[0.873s] Level 1:colcon.colcon_core.package_identification:_identify(/home/hunterfauntleroy/dev_ws/src/av_course_spring26) by extension 'ignore'
[0.873s] Level 1:colcon.colcon_core.package_identification:_identify(/home/hunterfauntleroy/dev_ws/src/av_course_spring26) by extension 'ignore_ament_install'
[0.873s] Level 1:colcon.colcon_core.package_identification:_identify(/home/hunterfauntleroy/dev_ws/src/av_course_spring26) by extensions ['colcon_pkg']
[0.873s] Level 1:colcon.colcon_core.package_identification:_identify(/home/hunterfauntleroy/dev_ws/src/av_course_spring26) by extension 'colcon_pkg'
[0.873s] Level 1:colcon.colcon_core.package_identification:_identify(/home/hunterfauntleroy/dev_ws/src/av_course_spring26) by extensions ['colcon_meta']
[0.873s] Level 1:colcon.colcon_core.package_identification:_identify(/home/hunterfauntleroy/dev_ws/src/av_course_spring26) by extension 'colcon_meta'
[0.873s] Level 1:colcon.colcon_core.package_identification:_identify(/home/hunterfauntleroy/dev_ws/src/av_course_spring26) by extensions ['ros']
[0.873s] Level 1:colcon.colcon_core.package_identification:_identify(/home/hunterfauntleroy/dev_ws/src/av_course_spring26) by extension 'ros'
[0.874s] Level 1:colcon.colcon_core.package_identification:_identify(/home/hunterfauntleroy/dev_ws/src/av_course_spring26) by extensions ['cmake', 'python']
[0.874s] Level 1:colcon.colcon_core.package_identification:_identify(/home/hunterfauntleroy/dev_ws/src/av_course_spring26) by extension 'cmake'
[0.874s] Level 1:colcon.colcon_core.package_identification:_identify(/home/hunterfauntleroy/dev_ws/src/av_course_spring26) by extension 'python'
[0.874s] Level 1:colcon.colcon_core.package_identification:_identify(/home/hunterfauntleroy/dev_ws/src/av_course_spring26) by extensions ['python_setup_py']
[0.874s] Level 1:colcon.colcon_core.package_identification:_identify(/home/hunterfauntleroy/dev_ws/src/av_course_spring26) by extension 'python_setup_py'
[0.874s] Level 1:colcon.colcon_core.package_identification:_identify(/home/hunterfauntleroy/dev_ws/src/av_course_spring26/jacart_warmup) by extensions ['ignore', 'ignore_ament_install']
[0.874s] Level 1:colcon.colcon_core.package_identification:_identify(/home/hunterfauntleroy/dev_ws/src/av_course_spring26/jacart_warmup) by extension 'ignore'
[0.874s] Level 1:colcon.colcon_core.package_identification:_identify(/home/hunterfauntleroy/dev_ws/src/av_course_spring26/jacart_warmup) by extension 'ignore_ament_install'
[0.874s] Level 1:colcon.colcon_core.package_identification:_identify(/home/hunterfauntleroy/dev_ws/src/av_course_spring26/jacart_warmup) by extensions ['colcon_pkg']
[0.875s] Level 1:colcon.colcon_core.package_identification:_identify(/home/hunterfauntleroy/dev_ws/src/av_course_spring26/jacart_warmup) by extension 'colcon_pkg'
[0.875s] Level 1:colcon.colcon_core.package_identification:_identify(/home/hunterfauntleroy/dev_ws/src/av_course_spring26/jacart_warmup) by extensions ['colcon_meta']
[0.875s] Level 1:colcon.colcon_core.package_identification:_identify(/home/hunterfauntleroy/dev_ws/src/av_course_spring26/jacart_warmup) by extension 'colcon_meta'
[0.875s] Level 1:colcon.colcon_core.package_identification:_identify(/home/hunterfauntleroy/dev_ws/src/av_course_spring26/jacart_warmup) by extensions ['ros']
[0.875s] Level 1:colcon.colcon_core.package_identification:_identify(/home/hunterfauntleroy/dev_ws/src/av_course_spring26/jacart_warmup) by extension 'ros'
[0.876s] DEBUG:colcon.colcon_core.package_identification:Package '/home/hunterfauntleroy/dev_ws/src/av_course_spring26/jacart_warmup' with type 'ros.ament_python' and name 'jacart_warmup'
[0.876s] Level 1:colcon.colcon_core.package_identification:_identify(/home/hunterfauntleroy/dev_ws/src/build) by extensions ['ignore', 'ignore_ament_install']
[0.876s] Level 1:colcon.colcon_core.package_identification:_identify(/home/hunterfauntleroy/dev_ws/src/build) by extension 'ignore'
[0.876s] Level 1:colcon.colcon_core.package_identification:_identify(/home/hunterfauntleroy/dev_ws/src/build) ignored
[0.877s] Level 1:colcon.colcon_core.package_identification:_identify(/home/hunterfauntleroy/dev_ws/src/install) by extensions ['ignore', 'ignore_ament_install']
[0.877s] Level 1:colcon.colcon_core.package_identification:_identify(/home/hunterfauntleroy/dev_ws/src/install) by extension 'ignore'
[0.877s] Level 1:colcon.colcon_core.package_identification:_identify(/home/hunterfauntleroy/dev_ws/src/install) ignored
[0.877s] Level 1:colcon.colcon_core.package_identification:_identify(/home/hunterfauntleroy/dev_ws/src/isaac_ros_common) by extensions ['ignore', 'ignore_ament_install']
[0.877s] Level 1:colcon.colcon_core.package_identification:_identify(/home/hunterfauntleroy/dev_ws/src/isaac_ros_common) by extension 'ignore'
[0.877s] Level 1:colcon.colcon_core.package_identification:_identify(/home/hunterfauntleroy/dev_ws/src/isaac_ros_common) ignored
[0.878s] Level 1:colcon.colcon_core.package_identification:_identify(/home/hunterfauntleroy/dev_ws/src/isaac_ros_map_localization) by extensions ['ignore', 'ignore_ament_install']
[0.878s] Level 1:colcon.colcon_core.package_identification:_identify(/home/hunterfauntleroy/dev_ws/src/isaac_ros_map_localization) by extension 'ignore'
[0.878s] Level 1:colcon.colcon_core.package_identification:_identify(/home/hunterfauntleroy/dev_ws/src/isaac_ros_map_localization) ignored
[0.878s] Level 1:colcon.colcon_core.package_identification:_identify(/home/hunterfauntleroy/dev_ws/src/isaac_ros_nitros) by extensions ['ignore', 'ignore_ament_install']
[0.878s] Level 1:colcon.colcon_core.package_identification:_identify(/home/hunterfauntleroy/dev_ws/src/isaac_ros_nitros) by extension 'ignore'
[0.878s] Level 1:colcon.colcon_core.package_identification:_identify(/home/hunterfauntleroy/dev_ws/src/isaac_ros_nitros) ignored
[0.878s] Level 1:colcon.colcon_core.package_identification:_identify(/home/hunterfauntleroy/dev_ws/src/log) by extensions ['ignore', 'ignore_ament_install']
[0.879s] Level 1:colcon.colcon_core.package_identification:_identify(/home/hunterfauntleroy/dev_ws/src/log) by extension 'ignore'
[0.879s] Level 1:colcon.colcon_core.package_identification:_identify(/home/hunterfauntleroy/dev_ws/src/log) ignored
[0.879s] Level 1:colcon.colcon_core.package_identification:_identify(/home/hunterfauntleroy/dev_ws/src/negotiated) by extensions ['ignore', 'ignore_ament_install']
[0.879s] Level 1:colcon.colcon_core.package_identification:_identify(/home/hunterfauntleroy/dev_ws/src/negotiated) by extension 'ignore'
[0.879s] Level 1:colcon.colcon_core.package_identification:_identify(/home/hunterfauntleroy/dev_ws/src/negotiated) by extension 'ignore_ament_install'
[0.879s] Level 1:colcon.colcon_core.package_identification:_identify(/home/hunterfauntleroy/dev_ws/src/negotiated) by extensions ['colcon_pkg']
[0.879s] Level 1:colcon.colcon_core.package_identification:_identify(/home/hunterfauntleroy/dev_ws/src/negotiated) by extension 'colcon_pkg'
[0.879s] Level 1:colcon.colcon_core.package_identification:_identify(/home/hunterfauntleroy/dev_ws/src/negotiated) by extensions ['colcon_meta']
[0.879s] Level 1:colcon.colcon_core.package_identification:_identify(/home/hunterfauntleroy/dev_ws/src/negotiated) by extension 'colcon_meta'
[0.880s] Level 1:colcon.colcon_core.package_identification:_identify(/home/hunterfauntleroy/dev_ws/src/negotiated) by extensions ['ros']
[0.880s] Level 1:colcon.colcon_core.package_identification:_identify(/home/hunterfauntleroy/dev_ws/src/negotiated) by extension 'ros'
[0.880s] Level 1:colcon.colcon_core.package_identification:_identify(/home/hunterfauntleroy/dev_ws/src/negotiated) by extensions ['cmake', 'python']
[0.880s] Level 1:colcon.colcon_core.package_identification:_identify(/home/hunterfauntleroy/dev_ws/src/negotiated) by extension 'cmake'
[0.880s] Level 1:colcon.colcon_core.package_identification:_identify(/home/hunterfauntleroy/dev_ws/src/negotiated) by extension 'python'
[0.880s] Level 1:colcon.colcon_core.package_identification:_identify(/home/hunterfauntleroy/dev_ws/src/negotiated) by extensions ['python_setup_py']
[0.880s] Level 1:colcon.colcon_core.package_identification:_identify(/home/hunterfauntleroy/dev_ws/src/negotiated) by extension 'python_setup_py'
[0.880s] Level 1:colcon.colcon_core.package_identification:_identify(/home/hunterfauntleroy/dev_ws/src/negotiated/negotiated) by extensions ['ignore', 'ignore_ament_install']
[0.881s] Level 1:colcon.colcon_core.package_identification:_identify(/home/hunterfauntleroy/dev_ws/src/negotiated/negotiated) by extension 'ignore'
[0.881s] Level 1:colcon.colcon_core.package_identification:_identify(/home/hunterfauntleroy/dev_ws/src/negotiated/negotiated) by extension 'ignore_ament_install'
[0.881s] Level 1:colcon.colcon_core.package_identification:_identify(/home/hunterfauntleroy/dev_ws/src/negotiated/negotiated) by extensions ['colcon_pkg']
[0.881s] Level 1:colcon.colcon_core.package_identification:_identify(/home/hunterfauntleroy/dev_ws/src/negotiated/negotiated) by extension 'colcon_pkg'
[0.881s] Level 1:colcon.colcon_core.package_identification:_identify(/home/hunterfauntleroy/dev_ws/src/negotiated/negotiated) by extensions ['colcon_meta']
[0.881s] Level 1:colcon.colcon_core.package_identification:_identify(/home/hunterfauntleroy/dev_ws/src/negotiated/negotiated) by extension 'colcon_meta'
[0.881s] Level 1:colcon.colcon_core.package_identification:_identify(/home/hunterfauntleroy/dev_ws/src/negotiated/negotiated) by extensions ['ros']
[0.881s] Level 1:colcon.colcon_core.package_identification:_identify(/home/hunterfauntleroy/dev_ws/src/negotiated/negotiated) by extension 'ros'
[0.882s] DEBUG:colcon.colcon_core.package_identification:Package '/home/hunterfauntleroy/dev_ws/src/negotiated/negotiated' with type 'ros.ament_cmake' and name 'negotiated'
[0.882s] Level 1:colcon.colcon_core.package_identification:_identify(/home/hunterfauntleroy/dev_ws/src/negotiated/negotiated_examples) by extensions ['ignore', 'ignore_ament_install']
[0.882s] Level 1:colcon.colcon_core.package_identification:_identify(/home/hunterfauntleroy/dev_ws/src/negotiated/negotiated_examples) by extension 'ignore'
[0.883s] Level 1:colcon.colcon_core.package_identification:_identify(/home/hunterfauntleroy/dev_ws/src/negotiated/negotiated_examples) by extension 'ignore_ament_install'
[0.883s] Level 1:colcon.colcon_core.package_identification:_identify(/home/hunterfauntleroy/dev_ws/src/negotiated/negotiated_examples) by extensions ['colcon_pkg']
[0.883s] Level 1:colcon.colcon_core.package_identification:_identify(/home/hunterfauntleroy/dev_ws/src/negotiated/negotiated_examples) by extension 'colcon_pkg'
[0.883s] Level 1:colcon.colcon_core.package_identification:_identify(/home/hunterfauntleroy/dev_ws/src/negotiated/negotiated_examples) by extensions ['colcon_meta']
[0.883s] Level 1:colcon.colcon_core.package_identification:_identify(/home/hunterfauntleroy/dev_ws/src/negotiated/negotiated_examples) by extension 'colcon_meta'
[0.883s] Level 1:colcon.colcon_core.package_identification:_identify(/home/hunterfauntleroy/dev_ws/src/negotiated/negotiated_examples) by extensions ['ros']
[0.883s] Level 1:colcon.colcon_core.package_identification:_identify(/home/hunterfauntleroy/dev_ws/src/negotiated/negotiated_examples) by extension 'ros'
[0.884s] DEBUG:colcon.colcon_core.package_identification:Package '/home/hunterfauntleroy/dev_ws/src/negotiated/negotiated_examples' with type 'ros.ament_cmake' and name 'negotiated_examples'
[0.884s] Level 1:colcon.colcon_core.package_identification:_identify(/home/hunterfauntleroy/dev_ws/src/negotiated/negotiated_interfaces) by extensions ['ignore', 'ignore_ament_install']
[0.885s] Level 1:colcon.colcon_core.package_identification:_identify(/home/hunterfauntleroy/dev_ws/src/negotiated/negotiated_interfaces) by extension 'ignore'
[0.885s] Level 1:colcon.colcon_core.package_identification:_identify(/home/hunterfauntleroy/dev_ws/src/negotiated/negotiated_interfaces) by extension 'ignore_ament_install'
[0.885s] Level 1:colcon.colcon_core.package_identification:_identify(/home/hunterfauntleroy/dev_ws/src/negotiated/negotiated_interfaces) by extensions ['colcon_pkg']
[0.885s] Level 1:colcon.colcon_core.package_identification:_identify(/home/hunterfauntleroy/dev_ws/src/negotiated/negotiated_interfaces) by extension 'colcon_pkg'
[0.885s] Level 1:colcon.colcon_core.package_identification:_identify(/home/hunterfauntleroy/dev_ws/src/negotiated/negotiated_interfaces) by extensions ['colcon_meta']
[0.885s] Level 1:colcon.colcon_core.package_identification:_identify(/home/hunterfauntleroy/dev_ws/src/negotiated/negotiated_interfaces) by extension 'colcon_meta'
[0.885s] Level 1:colcon.colcon_core.package_identification:_identify(/home/hunterfauntleroy/dev_ws/src/negotiated/negotiated_interfaces) by extensions ['ros']
[0.885s] Level 1:colcon.colcon_core.package_identification:_identify(/home/hunterfauntleroy/dev_ws/src/negotiated/negotiated_interfaces) by extension 'ros'
[0.886s] DEBUG:colcon.colcon_core.package_identification:Package '/home/hunterfauntleroy/dev_ws/src/negotiated/negotiated_interfaces' with type 'ros.ament_cmake' and name 'negotiated_interfaces'
[0.886s] Level 1:colcon.colcon_core.package_identification:_identify(/home/hunterfauntleroy/dev_ws/src/src) by extensions ['ignore', 'ignore_ament_install']
[0.886s] Level 1:colcon.colcon_core.package_identification:_identify(/home/hunterfauntleroy/dev_ws/src/src) by extension 'ignore'
[0.886s] Level 1:colcon.colcon_core.package_identification:_identify(/home/hunterfauntleroy/dev_ws/src/src) by extension 'ignore_ament_install'
[0.886s] Level 1:colcon.colcon_core.package_identification:_identify(/home/hunterfauntleroy/dev_ws/src/src) by extensions ['colcon_pkg']
[0.886s] Level 1:colcon.colcon_core.package_identification:_identify(/home/hunterfauntleroy/dev_ws/src/src) by extension 'colcon_pkg'
[0.886s] Level 1:colcon.colcon_core.package_identification:_identify(/home/hunterfauntleroy/dev_ws/src/src) by extensions ['colcon_meta']
[0.887s] Level 1:colcon.colcon_core.package_identification:_identify(/home/hunterfauntleroy/dev_ws/src/src) by extension 'colcon_meta'
[0.887s] Level 1:colcon.colcon_core.package_identification:_identify(/home/hunterfauntleroy/dev_ws/src/src) by extensions ['ros']
[0.887s] Level 1:colcon.colcon_core.package_identification:_identify(/home/hunterfauntleroy/dev_ws/src/src) by extension 'ros'
[0.887s] Level 1:colcon.colcon_core.package_identification:_identify(/home/hunterfauntleroy/dev_ws/src/src) by extensions ['cmake', 'python']
[0.887s] Level 1:colcon.colcon_core.package_identification:_identify(/home/hunterfauntleroy/dev_ws/src/src) by extension 'cmake'
[0.887s] Level 1:colcon.colcon_core.package_identification:_identify(/home/hunterfauntleroy/dev_ws/src/src) by extension 'python'
[0.887s] Level 1:colcon.colcon_core.package_identification:_identify(/home/hunterfauntleroy/dev_ws/src/src) by extensions ['python_setup_py']
[0.887s] Level 1:colcon.colcon_core.package_identification:_identify(/home/hunterfauntleroy/dev_ws/src/src) by extension 'python_setup_py'
[0.887s] Level 1:colcon.colcon_core.package_identification:_identify(/home/hunterfauntleroy/dev_ws/src/src/anomaly_detection) by extensions ['ignore', 'ignore_ament_install']
[0.887s] Level 1:colcon.colcon_core.package_identification:_identify(/home/hunterfauntleroy/dev_ws/src/src/anomaly_detection) by extension 'ignore'
[0.888s] Level 1:colcon.colcon_core.package_identification:_identify(/home/hunterfauntleroy/dev_ws/src/src/anomaly_detection) by extension 'ignore_ament_install'
[0.888s] Level 1:colcon.colcon_core.package_identification:_identify(/home/hunterfauntleroy/dev_ws/src/src/anomaly_detection) by extensions ['colcon_pkg']
[0.888s] Level 1:colcon.colcon_core.package_identification:_identify(/home/hunterfauntleroy/dev_ws/src/src/anomaly_detection) by extension 'colcon_pkg'
[0.888s] Level 1:colcon.colcon_core.package_identification:_identify(/home/hunterfauntleroy/dev_ws/src/src/anomaly_detection) by extensions ['colcon_meta']
[0.888s] Level 1:colcon.colcon_core.package_identification:_identify(/home/hunterfauntleroy/dev_ws/src/src/anomaly_detection) by extension 'colcon_meta'
[0.888s] Level 1:colcon.colcon_core.package_identification:_identify(/home/hunterfauntleroy/dev_ws/src/src/anomaly_detection) by extensions ['ros']
[0.888s] Level 1:colcon.colcon_core.package_identification:_identify(/home/hunterfauntleroy/dev_ws/src/src/anomaly_detection) by extension 'ros'
[0.888s] Level 1:colcon.colcon_core.package_identification:_identify(/home/hunterfauntleroy/dev_ws/src/src/anomaly_detection) by extensions ['cmake', 'python']
[0.888s] Level 1:colcon.colcon_core.package_identification:_identify(/home/hunterfauntleroy/dev_ws/src/src/anomaly_detection) by extension 'cmake'
[0.888s] Level 1:colcon.colcon_core.package_identification:_identify(/home/hunterfauntleroy/dev_ws/src/src/anomaly_detection) by extension 'python'
[0.888s] Level 1:colcon.colcon_core.package_identification:_identify(/home/hunterfauntleroy/dev_ws/src/src/anomaly_detection) by extensions ['python_setup_py']
[0.889s] Level 1:colcon.colcon_core.package_identification:_identify(/home/hunterfauntleroy/dev_ws/src/src/anomaly_detection) by extension 'python_setup_py'
[0.889s] Level 1:colcon.colcon_core.package_identification:_identify(/home/hunterfauntleroy/dev_ws/src/src/anomaly_detection/system_evaluation) by extensions ['ignore', 'ignore_ament_install']
[0.889s] Level 1:colcon.colcon_core.package_identification:_identify(/home/hunterfauntleroy/dev_ws/src/src/anomaly_detection/system_evaluation) by extension 'ignore'
[0.889s] Level 1:colcon.colcon_core.package_identification:_identify(/home/hunterfauntleroy/dev_ws/src/src/anomaly_detection/system_evaluation) by extension 'ignore_ament_install'
[0.889s] Level 1:colcon.colcon_core.package_identification:_identify(/home/hunterfauntleroy/dev_ws/src/src/anomaly_detection/system_evaluation) by extensions ['colcon_pkg']
[0.889s] Level 1:colcon.colcon_core.package_identification:_identify(/home/hunterfauntleroy/dev_ws/src/src/anomaly_detection/system_evaluation) by extension 'colcon_pkg'
[0.889s] Level 1:colcon.colcon_core.package_identification:_identify(/home/hunterfauntleroy/dev_ws/src/src/anomaly_detection/system_evaluation) by extensions ['colcon_meta']
[0.889s] Level 1:colcon.colcon_core.package_identification:_identify(/home/hunterfauntleroy/dev_ws/src/src/anomaly_detection/system_evaluation) by extension 'colcon_meta'
[0.889s] Level 1:colcon.colcon_core.package_identification:_identify(/home/hunterfauntleroy/dev_ws/src/src/anomaly_detection/system_evaluation) by extensions ['ros']
[0.889s] Level 1:colcon.colcon_core.package_identification:_identify(/home/hunterfauntleroy/dev_ws/src/src/anomaly_detection/system_evaluation) by extension 'ros'
[0.890s] Level 1:colcon.colcon_core.package_identification:_identify(/home/hunterfauntleroy/dev_ws/src/src/anomaly_detection/system_evaluation) by extensions ['cmake', 'python']
[0.890s] Level 1:colcon.colcon_core.package_identification:_identify(/home/hunterfauntleroy/dev_ws/src/src/anomaly_detection/system_evaluation) by extension 'cmake'
[0.890s] Level 1:colcon.colcon_core.package_identification:_identify(/home/hunterfauntleroy/dev_ws/src/src/anomaly_detection/system_evaluation) by extension 'python'
[0.890s] Level 1:colcon.colcon_core.package_identification:_identify(/home/hunterfauntleroy/dev_ws/src/src/anomaly_detection/system_evaluation) by extensions ['python_setup_py']
[0.890s] Level 1:colcon.colcon_core.package_identification:_identify(/home/hunterfauntleroy/dev_ws/src/src/anomaly_detection/system_evaluation) by extension 'python_setup_py'
[0.890s] Level 1:colcon.colcon_core.package_identification:_identify(/home/hunterfauntleroy/dev_ws/src/src/anomaly_detection/system_evaluation/bags) by extensions ['ignore', 'ignore_ament_install']
[0.890s] Level 1:colcon.colcon_core.package_identification:_identify(/home/hunterfauntleroy/dev_ws/src/src/anomaly_detection/system_evaluation/bags) by extension 'ignore'
[0.890s] Level 1:colcon.colcon_core.package_identification:_identify(/home/hunterfauntleroy/dev_ws/src/src/anomaly_detection/system_evaluation/bags) by extension 'ignore_ament_install'
[0.890s] Level 1:colcon.colcon_core.package_identification:_identify(/home/hunterfauntleroy/dev_ws/src/src/anomaly_detection/system_evaluation/bags) by extensions ['colcon_pkg']
[0.890s] Level 1:colcon.colcon_core.package_identification:_identify(/home/hunterfauntleroy/dev_ws/src/src/anomaly_detection/system_evaluation/bags) by extension 'colcon_pkg'
[0.890s] Level 1:colcon.colcon_core.package_identification:_identify(/home/hunterfauntleroy/dev_ws/src/src/anomaly_detection/system_evaluation/bags) by extensions ['colcon_meta']
[0.891s] Level 1:colcon.colcon_core.package_identification:_identify(/home/hunterfauntleroy/dev_ws/src/src/anomaly_detection/system_evaluation/bags) by extension 'colcon_meta'
[0.891s] Level 1:colcon.colcon_core.package_identification:_identify(/home/hunterfauntleroy/dev_ws/src/src/anomaly_detection/system_evaluation/bags) by extensions ['ros']
[0.891s] Level 1:colcon.colcon_core.package_identification:_identify(/home/hunterfauntleroy/dev_ws/src/src/anomaly_detection/system_evaluation/bags) by extension 'ros'
[0.891s] Level 1:colcon.colcon_core.package_identification:_identify(/home/hunterfauntleroy/dev_ws/src/src/anomaly_detection/system_evaluation/bags) by extensions ['cmake', 'python']
[0.891s] Level 1:colcon.colcon_core.package_identification:_identify(/home/hunterfauntleroy/dev_ws/src/src/anomaly_detection/system_evaluation/bags) by extension 'cmake'
[0.891s] Level 1:colcon.colcon_core.package_identification:_identify(/home/hunterfauntleroy/dev_ws/src/src/anomaly_detection/system_evaluation/bags) by extension 'python'
[0.891s] Level 1:colcon.colcon_core.package_identification:_identify(/home/hunterfauntleroy/dev_ws/src/src/anomaly_detection/system_evaluation/bags) by extensions ['python_setup_py']
[0.891s] Level 1:colcon.colcon_core.package_identification:_identify(/home/hunterfauntleroy/dev_ws/src/src/anomaly_detection/system_evaluation/bags) by extension 'python_setup_py'
[0.891s] Level 1:colcon.colcon_core.package_identification:_identify(/home/hunterfauntleroy/dev_ws/src/src/anomaly_detection/system_evaluation/bags/anomaly_bag) by extensions ['ignore', 'ignore_ament_install']
[0.891s] Level 1:colcon.colcon_core.package_identification:_identify(/home/hunterfauntleroy/dev_ws/src/src/anomaly_detection/system_evaluation/bags/anomaly_bag) by extension 'ignore'
[0.892s] Level 1:colcon.colcon_core.package_identification:_identify(/home/hunterfauntleroy/dev_ws/src/src/anomaly_detection/system_evaluation/bags/anomaly_bag) by extension 'ignore_ament_install'
[0.892s] Level 1:colcon.colcon_core.package_identification:_identify(/home/hunterfauntleroy/dev_ws/src/src/anomaly_detection/system_evaluation/bags/anomaly_bag) by extensions ['colcon_pkg']
[0.892s] Level 1:colcon.colcon_core.package_identification:_identify(/home/hunterfauntleroy/dev_ws/src/src/anomaly_detection/system_evaluation/bags/anomaly_bag) by extension 'colcon_pkg'
[0.892s] Level 1:colcon.colcon_core.package_identification:_identify(/home/hunterfauntleroy/dev_ws/src/src/anomaly_detection/system_evaluation/bags/anomaly_bag) by extensions ['colcon_meta']
[0.892s] Level 1:colcon.colcon_core.package_identification:_identify(/home/hunterfauntleroy/dev_ws/src/src/anomaly_detection/system_evaluation/bags/anomaly_bag) by extension 'colcon_meta'
[0.892s] Level 1:colcon.colcon_core.package_identification:_identify(/home/hunterfauntleroy/dev_ws/src/src/anomaly_detection/system_evaluation/bags/anomaly_bag) by extensions ['ros']
[0.892s] Level 1:colcon.colcon_core.package_identification:_identify(/home/hunterfauntleroy/dev_ws/src/src/anomaly_detection/system_evaluation/bags/anomaly_bag) by extension 'ros'
[0.893s] Level 1:colcon.colcon_core.package_identification:_identify(/home/hunterfauntleroy/dev_ws/src/src/anomaly_detection/system_evaluation/bags/anomaly_bag) by extensions ['cmake', 'python']
[0.893s] Level 1:colcon.colcon_core.package_identification:_identify(/home/hunterfauntleroy/dev_ws/src/src/anomaly_detection/system_evaluation/bags/anomaly_bag) by extension 'cmake'
[0.893s] Level 1:colcon.colcon_core.package_identification:_identify(/home/hunterfauntleroy/dev_ws/src/src/anomaly_detection/system_evaluation/bags/anomaly_bag) by extension 'python'
[0.893s] Level 1:colcon.colcon_core.package_identification:_identify(/home/hunterfauntleroy/dev_ws/src/src/anomaly_detection/system_evaluation/bags/anomaly_bag) by extensions ['python_setup_py']
[0.893s] Level 1:colcon.colcon_core.package_identification:_identify(/home/hunterfauntleroy/dev_ws/src/src/anomaly_detection/system_evaluation/bags/anomaly_bag) by extension 'python_setup_py'
[0.893s] Level 1:colcon.colcon_core.package_discovery:discover_packages(recursive) using defaults
